Component: ARM Compiler 5.06 update 1 (build 61) Tool: armlink [4d35a8]

==============================================================================

Section Cross References

    main.o(i.Sys_Init) refers to _printf_percent.o(.ARM.Collect$$_printf_percent$$00000000) for _printf_percent
    main.o(i.Sys_Init) refers to misc.o(i.NVIC_PriorityGroupConfig) for NVIC_PriorityGroupConfig
    main.o(i.Sys_Init) refers to delay.o(i.delay_init) for delay_init
    main.o(i.Sys_Init) refers to oled.o(i.OLED_Init) for OLED_Init
    main.o(i.Sys_Init) refers to oled.o(i.OLED_Clear) for OLED_Clear
    main.o(i.Sys_Init) refers to oled.o(i.OLED_ShowCHinese) for OLED_ShowCHinese
    main.o(i.Sys_Init) refers to oled.o(i.OLED_ShowString) for OLED_ShowString
    main.o(i.Sys_Init) refers to delay.o(i.delay_ms) for delay_ms
    main.o(i.Sys_Init) refers to beep.o(i.Beep_Init) for Beep_Init
    main.o(i.Sys_Init) refers to relay.o(i.Relay_Init) for Relay_Init
    main.o(i.Sys_Init) refers to led.o(i.LED_Init) for LED_Init
    main.o(i.Sys_Init) refers to usart.o(i.uart_init) for uart_init
    main.o(i.Sys_Init) refers to usart2.o(i.usart2_init) for usart2_init
    main.o(i.Sys_Init) refers to key.o(i.KEY_Init) for KEY_Init
    main.o(i.Sys_Init) refers to mpr121.o(i.Mpr121_Init) for Mpr121_Init
    main.o(i.Sys_Init) refers to as608.o(i.PS_StaGPIO_Init) for PS_StaGPIO_Init
    main.o(i.Sys_Init) refers to __2printf.o(.text) for __2printf
    main.o(i.Sys_Init) refers to as608.o(i.PS_HandShake) for PS_HandShake
    main.o(i.Sys_Init) refers to as608.o(i.PS_ValidTempleteNum) for PS_ValidTempleteNum
    main.o(i.Sys_Init) refers to as608.o(i.EnsureMessage) for EnsureMessage
    main.o(i.Sys_Init) refers to as608.o(i.PS_ReadSysPara) for PS_ReadSysPara
    main.o(i.Sys_Init) refers to oled.o(i.OLED_Clear_OP_Area) for OLED_Clear_OP_Area
    main.o(i.Sys_Init) refers to as608.o(.data) for AS608Addr
    main.o(i.Sys_Init) refers to main.o(.data) for ValidN
    main.o(i.Sys_Init) refers to main.o(.bss) for AS608Para
    main.o(i.main) refers to main.o(i.Sys_Init) for Sys_Init
    main.o(i.main) refers to delay.o(i.delay_ms) for delay_ms
    main.o(i.main) refers to oled.o(i.OLED_ShowCHinese) for OLED_ShowCHinese
    main.o(i.main) refers to as608.o(i.press_FR) for press_FR
    main.o(i.main) refers to key.o(i.KEY_Scan) for KEY_Scan
    main.o(i.main) refers to relay.o(i.Relay_on) for Relay_on
    main.o(i.main) refers to beep.o(i.Beep_on) for Beep_on
    main.o(i.main) refers to oled.o(i.OLED_Clear_OP_Area) for OLED_Clear_OP_Area
    main.o(i.main) refers to relay.o(i.Relay_off) for Relay_off
    main.o(i.main) refers to beep.o(i.Beep_off) for Beep_off
    main.o(i.main) refers to as608.o(i.Add_FR) for Add_FR
    system_stm32f10x.o(i.SetSysClock) refers to system_stm32f10x.o(i.SetSysClockTo72) for SetSysClockTo72
    system_stm32f10x.o(i.SystemCoreClockUpdate) refers to system_stm32f10x.o(.data) for SystemCoreClock
    system_stm32f10x.o(i.SystemInit) refers to system_stm32f10x.o(i.SetSysClock) for SetSysClock
    led.o(i.LED_Init) refers to stm32f10x_rcc.o(i.RCC_APB2PeriphClockCmd) for RCC_APB2PeriphClockCmd
    led.o(i.LED_Init) refers to stm32f10x_gpio.o(i.GPIO_Init) for GPIO_Init
    led.o(i.LED_Init) refers to stm32f10x_gpio.o(i.GPIO_SetBits) for GPIO_SetBits
    as608.o(i.Add_FR) refers to _printf_percent.o(.ARM.Collect$$_printf_percent$$00000000) for _printf_percent
    as608.o(i.Add_FR) refers to _printf_d.o(.ARM.Collect$$_printf_percent$$00000009) for _printf_d
    as608.o(i.Add_FR) refers to _printf_dec.o(.text) for _printf_int_dec
    as608.o(i.Add_FR) refers to oled.o(i.OLED_Clear_OP_Area) for OLED_Clear_OP_Area
    as608.o(i.Add_FR) refers to oled.o(i.OLED_ShowCHinese) for OLED_ShowCHinese
    as608.o(i.Add_FR) refers to as608.o(i.PS_GetImage) for PS_GetImage
    as608.o(i.Add_FR) refers to beep.o(i.Beep_on) for Beep_on
    as608.o(i.Add_FR) refers to as608.o(i.PS_GenChar) for PS_GenChar
    as608.o(i.Add_FR) refers to beep.o(i.Beep_off) for Beep_off
    as608.o(i.Add_FR) refers to __2printf.o(.text) for __2printf
    as608.o(i.Add_FR) refers to oled.o(i.OLED_Clear_Line) for OLED_Clear_Line
    as608.o(i.Add_FR) refers to as608.o(i.EnsureMessage) for EnsureMessage
    as608.o(i.Add_FR) refers to as608.o(i.PS_Match) for PS_Match
    as608.o(i.Add_FR) refers to delay.o(i.delay_ms) for delay_ms
    as608.o(i.Add_FR) refers to as608.o(i.PS_RegModel) for PS_RegModel
    as608.o(i.Add_FR) refers to as608.o(i.PS_StoreChar) for PS_StoreChar
    as608.o(i.Add_FR) refers to as608.o(i.PS_ValidTempleteNum) for PS_ValidTempleteNum
    as608.o(i.Add_FR) refers to main.o(.data) for ValidN
    as608.o(i.Del_FR) refers to _printf_percent.o(.ARM.Collect$$_printf_percent$$00000000) for _printf_percent
    as608.o(i.Del_FR) refers to _printf_d.o(.ARM.Collect$$_printf_percent$$00000009) for _printf_d
    as608.o(i.Del_FR) refers to _printf_dec.o(.text) for _printf_int_dec
    as608.o(i.Del_FR) refers to __2printf.o(.text) for __2printf
[...]
    ../clib/misc.s                           0x00000000   Number         0  printf_stubs.o ABSOLUTE
    ../clib/printf.c                         0x00000000   Number         0  __printf_flags_wp.o ABSOLUTE
    ../clib/printf.c                         0x00000000   Number         0  vsprintf.o ABSOLUTE
    ../clib/printf.c                         0x00000000   Number         0  __2printf.o ABSOLUTE
    ../clib/printf.c                         0x00000000   Number         0  __printf_wp.o ABSOLUTE
    ../clib/printf.c                         0x00000000   Number         0  noretval__2printf.o ABSOLUTE
    ../clib/printf.c                         0x00000000   Number         0  __printf.o ABSOLUTE
    ../clib/printf.c                         0x00000000   Number         0  _printf_str.o ABSOLUTE
    ../clib/printf.c                         0x00000000   Number         0  __printf_flags_ss.o ABSOLUTE
    ../clib/printf.c                         0x00000000   Number         0  _printf_dec.o ABSOLUTE
    ../clib/printf.c                         0x00000000   Number         0  _printf_hex_ll.o ABSOLUTE
    ../clib/printf.c                         0x00000000   Number         0  _printf_hex_int_ll.o ABSOLUTE
    ../clib/printf.c                         0x00000000   Number         0  _printf_hex_ptr.o ABSOLUTE
    ../clib/printf.c                         0x00000000   Number         0  _printf_hex_int_ptr.o ABSOLUTE
    ../clib/printf.c                         0x00000000   Number         0  _printf_hex_ll_ptr.o ABSOLUTE
    ../clib/printf.c                         0x00000000   Number         0  _printf_hex_int_ll_ptr.o ABSOLUTE
    ../clib/printf.c                         0x00000000   Number         0  __printf_flags.o ABSOLUTE
    ../clib/printf.c                         0x00000000   Number         0  _printf_pad.o ABSOLUTE
    ../clib/printf.c                         0x00000000   Number         0  _printf_fp_hex.o ABSOLUTE
    ../clib/printf.c                         0x00000000   Number         0  __printf_nopercent.o ABSOLUTE
    ../clib/printf.c                         0x00000000   Number         0  _printf_fp_infnan.o ABSOLUTE
    ../clib/printf.c                         0x00000000   Number         0  _printf_hex_int.o ABSOLUTE
    ../clib/printf.c                         0x00000000   Number         0  __printf_flags_ss_wp.o ABSOLUTE
    ../clib/printf.c                         0x00000000   Number         0  _printf_wchar.o ABSOLUTE
    ../clib/printf.c                         0x00000000   Number         0  __printf_ss.o ABSOLUTE
    ../clib/printf.c                         0x00000000   Number         0  _printf_fp_dec.o ABSOLUTE
    ../clib/printf.c                         0x00000000   Number         0  _printf_charcount.o ABSOLUTE
    ../clib/printf.c                         0x00000000   Number         0  _printf_oct_int_ll.o ABSOLUTE
    ../clib/printf.c                         0x00000000   Number         0  _printf_truncate.o ABSOLUTE
    ../clib/printf.c                         0x00000000   Number         0  _printf_oct_int.o ABSOLUTE
    ../clib/printf.c                         0x00000000   Number         0  _printf_oct_ll.o ABSOLUTE
    ../clib/printf.c                         0x00000000   Number         0  _printf_longlong_dec.o ABSOLUTE
    ../clib/printf.c                         0x00000000   Number         0  _printf_wctomb.o ABSOLUTE
    ../clib/printf.c                         0x00000000   Number         0  _printf_char_file.o ABSOLUTE
    ../clib/printf.c                         0x00000000   Number         0  _printf_char.o ABSOLUTE
    ../clib/printf.c                         0x00000000   Number         0  _sputc.o ABSOLUTE
    ../clib/printf.c                         0x00000000   Number         0  _printf_char_common.o ABSOLUTE
    ../clib/printf.c                         0x00000000   Number         0  __printf_ss_wp.o ABSOLUTE
    ../clib/printf.c                         0x00000000   Number         0  _printf_intcommon.o ABSOLUTE
    ../clib/printf_percent.s                 0x00000000   Number         0  _printf_llu.o ABSOLUTE
    ../clib/printf_percent.s                 0x00000000   Number         0  _printf_g.o ABSOLUTE
    ../clib/printf_percent.s                 0x00000000   Number         0  _printf_a.o ABSOLUTE
    ../clib/printf_percent.s                 0x00000000   Number         0  _printf_percent_end.o ABSOLUTE
    ../clib/printf_percent.s                 0x00000000   Number         0  _printf_e.o ABSOLUTE
    ../clib/printf_percent.s                 0x00000000   Number         0  _printf_f.o ABSOLUTE
    ../clib/printf_percent.s                 0x00000000   Number         0  _printf_u.o ABSOLUTE
    ../clib/printf_percent.s                 0x00000000   Number         0  _printf_i.o ABSOLUTE
    ../clib/printf_percent.s                 0x00000000   Number         0  _printf_o.o ABSOLUTE
    ../clib/printf_percent.s                 0x00000000   Number         0  _printf_lli.o ABSOLUTE
    ../clib/printf_percent.s                 0x00000000   Number         0  _printf_n.o ABSOLUTE
    ../clib/printf_percent.s                 0x00000000   Number         0  _printf_c.o ABSOLUTE
    ../clib/printf_percent.s                 0x00000000   Number         0  _printf_llx.o ABSOLUTE
    ../clib/printf_percent.s                 0x00000000   Number         0  _printf_lld.o ABSOLUTE
    ../clib/printf_percent.s                 0x00000000   Number         0  _printf_llo.o ABSOLUTE
    ../clib/printf_percent.s                 0x00000000   Number         0  _printf_ls.o ABSOLUTE
    ../clib/printf_percent.s                 0x00000000   Number         0  _printf_l.o ABSOLUTE
    ../clib/printf_percent.s                 0x00000000   Number         0  _printf_ll.o ABSOLUTE
    ../clib/printf_percent.s                 0x00000000   Number         0  _printf_percent.o ABSOLUTE
    ../clib/printf_percent.s                 0x00000000   Number         0  _printf_d.o ABSOLUTE
    ../clib/printf_percent.s                 0x00000000   Number         0  _printf_x.o ABSOLUTE
    ../clib/printf_percent.s                 0x00000000   Number         0  _printf_s.o ABSOLUTE
    ../clib/printf_percent.s                 0x00000000   Number         0  _printf_lc.o ABSOLUTE
    ../clib/printf_percent.s                 0x00000000   Number         0  _printf_p.o ABSOLUTE
    ../clib/signal.c                         0x00000000   Number         0  defsig_stak_inner.o ABSOLUTE
    ../clib/signal.c                         0x00000000   Number         0  defsig_rtred_inner.o ABSOLUTE
    ../clib/signal.c                         0x00000000   Number         0  defsig_fpe_inner.o ABSOLUTE
    ../clib/signal.c                         0x00000000   Number         0  defsig_abrt_inner.o ABSOLUTE
    ../clib/signal.c                         0x00000000   Number         0  defsig_general.o ABSOLUTE
    ../clib/signal.c                         0x00000000   Number         0  __raise.o ABSOLUTE
    ../clib/signal.c                         0x00000000   Number         0  defsig_rtmem_inner.o ABSOLUTE
    ../clib/signal.c                         0x00000000   Number         0  defsig_exit.o ABSOLUTE
    ../clib/signal.c                         0x00000000   Number         0  defsig_rtmem_outer.o ABSOLUTE
    ../clib/signal.c                         0x00000000   Number         0  defsig_rtmem_formal.o ABSOLUTE
    ../clib/signal.c                         0x00000000   Number         0  defsig_other.o ABSOLUTE
    ../clib/signal.c                         0x00000000   Number         0  defsig_segv_inner.o ABSOLUTE
    ../clib/signal.c                         0x00000000   Number         0  defsig_cppl_inner.o ABSOLUTE
    ../clib/signal.c                         0x00000000   Number         0  defsig_pvfn_inner.o ABSOLUTE
    ../clib/signal.s                         0x00000000   Number         0  defsig.o ABSOLUTE
    ../clib/stdio.c                          0x00000000   Number         0  ferror_locked.o ABSOLUTE
    ../clib/stdio.c                          0x00000000   Number         0  ferror.o ABSOLUTE
    ../clib/stdlib.c                         0x00000000   Number         0  exit.o ABSOLUTE
    ../clib/string.c                         0x00000000   Number         0  strstr.o ABSOLUTE
    ../clib/string.c                         0x00000000   Number         0  strlen.o ABSOLUTE
    ../fplib/fpinit.s                        0x00000000   Number         0  fpinit.o ABSOLUTE
    ../fplib/istatus.s                       0x00000000   Number         0  istatus.o ABSOLUTE
    ../fplib/printf1.s                       0x00000000   Number         0  printf1.o ABSOLUTE
    ../fplib/printf2.s                       0x00000000   Number         0  printf2.o ABSOLUTE
    ../fplib/printf2a.s                      0x00000000   Number         0  printf2a.o ABSOLUTE
    ../fplib/printf2b.s                      0x00000000   Number         0  printf2b.o ABSOLUTE
    ../fplib/usenofp.s                       0x00000000   Number         0  usenofp.o ABSOLUTE
    ../mathlib/fpclassify.c                  0x00000000   Number         0  fpclassify.o ABSOLUTE
    ..\CORE\core_cm3.c                       0x00000000   Number         0  core_cm3.o ABSOLUTE
    ..\CORE\startup_stm32f10x_hd.s           0x00000000   Number         0  startup_stm32f10x_hd.o ABSOLUTE
    ..\HARDWARE\AS608\as608.c                0x00000000   Number         0  as608.o ABSOLUTE
    ..\HARDWARE\BEEP\beep.c                  0x00000000   Number         0  beep.o ABSOLUTE
    ..\HARDWARE\KEY\key.c                    0x00000000   Number         0  key.o ABSOLUTE
    ..\HARDWARE\LED\led.c                    0x00000000   Number         0  led.o ABSOLUTE
    ..\HARDWARE\MPR121\mpr121.c              0x00000000   Number         0  mpr121.o ABSOLUTE
    ..\HARDWARE\OLED\oled.c                  0x00000000   Number         0  oled.o ABSOLUTE
    ..\HARDWARE\RELAY\relay.c                0x00000000   Number         0  relay.o ABSOLUTE
    ..\HARDWARE\TIMER\timer.c                0x00000000   Number         0  timer.o ABSOLUTE
    ..\HARDWARE\USART2\usart2.c              0x00000000   Number         0  usart2.o ABSOLUTE
    ..\STM32F10x_FWLib\src\misc.c            0x00000000   Number         0  misc.o ABSOLUTE
    ..\STM32F10x_FWLib\src\stm32f10x_adc.c   0x00000000   Number         0  stm32f10x_adc.o ABSOLUTE
    ..\STM32F10x_FWLib\src\stm32f10x_bkp.c   0x00000000   Number         0  stm32f10x_bkp.o ABSOLUTE
    ..\STM32F10x_FWLib\src\stm32f10x_can.c   0x00000000   Number         0  stm32f10x_can.o ABSOLUTE
    ..\STM32F10x_FWLib\src\stm32f10x_cec.c   0x00000000   Number         0  stm32f10x_cec.o ABSOLUTE
    ..\STM32F10x_FWLib\src\stm32f10x_crc.c   0x00000000   Number         0  stm32f10x_crc.o ABSOLUTE
    ..\STM32F10x_FWLib\src\stm32f10x_dac.c   0x00000000   Number         0  stm32f10x_dac.o ABSOLUTE
    ..\STM32F10x_FWLib\src\stm32f10x_dbgmcu.c 0x00000000   Number         0  stm32f10x_dbgmcu.o ABSOLUTE
    ..\STM32F10x_FWLib\src\stm32f10x_dma.c   0x00000000   Number         0  stm32f10x_dma.o ABSOLUTE
    ..\STM32F10x_FWLib\src\stm32f10x_exti.c  0x00000000   Number         0  stm32f10x_exti.o ABSOLUTE
    ..\STM32F10x_FWLib\src\stm32f10x_flash.c 0x00000000   Number         0  stm32f10x_flash.o ABSOLUTE
    ..\STM32F10x_FWLib\src\stm32f10x_fsmc.c  0x00000000   Number         0  stm32f10x_fsmc.o ABSOLUTE
    ..\STM32F10x_FWLib\src\stm32f10x_gpio.c  0x00000000   Number         0  stm32f10x_gpio.o ABSOLUTE
    ..\STM32F10x_FWLib\src\stm32f10x_i2c.c   0x00000000   Number         0  stm32f10x_i2c.o ABSOLUTE
    ..\STM32F10x_FWLib\src\stm32f10x_iwdg.c  0x00000000   Number         0  stm32f10x_iwdg.o ABSOLUTE
    ..\STM32F10x_FWLib\src\stm32f10x_pwr.c   0x00000000   Number         0  stm32f10x_pwr.o ABSOLUTE
    ..\STM32F10x_FWLib\src\stm32f10x_rcc.c   0x00000000   Number         0  stm32f10x_rcc.o ABSOLUTE
    ..\STM32F10x_FWLib\src\stm32f10x_rtc.c   0x00000000   Number         0  stm32f10x_rtc.o ABSOLUTE
    ..\STM32F10x_FWLib\src\stm32f10x_sdio.c  0x00000000   Number         0  stm32f10x_sdio.o ABSOLUTE
    ..\STM32F10x_FWLib\src\stm32f10x_spi.c   0x00000000   Number         0  stm32f10x_spi.o ABSOLUTE
    ..\STM32F10x_FWLib\src\stm32f10x_tim.c   0x00000000   Number         0  stm32f10x_tim.o ABSOLUTE
    ..\STM32F10x_FWLib\src\stm32f10x_usart.c 0x00000000   Number         0  stm32f10x_usart.o ABSOLUTE
    ..\STM32F10x_FWLib\src\stm32f10x_wwdg.c  0x00000000   Number         0  stm32f10x_wwdg.o ABSOLUTE
    ..\SYSTEM\delay\delay.c                  0x00000000   Number         0  delay.o ABSOLUTE
    ..\SYSTEM\sys\sys.c                      0x00000000   Number         0  sys.o ABSOLUTE
    ..\SYSTEM\usart\usart.c                  0x00000000   Number         0  usart.o ABSOLUTE
    ..\\CORE\\core_cm3.c                     0x00000000   Number         0  core_cm3.o ABSOLUTE
    ..\\SYSTEM\\sys\\sys.c                   0x00000000   Number         0  sys.o ABSOLUTE
    dc.s                                     0x00000000   Number         0  dc.o ABSOLUTE
    main.c                                   0x00000000   Number         0  main.o ABSOLUTE
    stm32f10x_it.c                           0x00000000   Number         0  stm32f10x_it.o ABSOLUTE
    system_stm32f10x.c                       0x00000000   Number         0  system_stm32f10x.o ABSOLUTE
    RESET                                    0x08000000   Section      304  startup_stm32f10x_hd.o(RESET)
    !!!main                                  0x08000130   Section        8  __main.o(!!!main)
    !!!scatter                               0x08000138   Section       52  __scatter.o(!!!scatter)
    !!dclz77c                                0x0800016c   Section      100  __dclz77c.o(!!dclz77c)
    !!handler_zi                             0x080001d0   Section       28  __scatter_zi.o(!!handler_zi)
    .ARM.Collect$$_printf_percent$$00000000  0x080001ec   Section        0  _printf_percent.o(.ARM.Collect$$_printf_percent$$00000000)
    .ARM.Collect$$_printf_percent$$00000009  0x080001ec   Section        6  _printf_d.o(.ARM.Collect$$_printf_percent$$00000009)
    .ARM.Collect$$_printf_percent$$0000000C  0x080001f2   Section        6  _printf_x.o(.ARM.Collect$$_printf_percent$$0000000C)
    .ARM.Collect$$_printf_percent$$00000014  0x080001f8   Section        6  _printf_s.o(.ARM.Collect$$_printf_percent$$00000014)
    .ARM.Collect$$_printf_percent$$00000017  0x080001fe   Section        4  _printf_percent_end.o(.ARM.Collect$$_printf_percent$$00000017)
    .ARM.Collect$$libinit$$00000000          0x08000202   Section        2  libinit.o(.ARM.Collect$$libinit$$00000000)
    .ARM.Collect$$libinit$$00000002          0x08000204   Section        0  libinit2.o(.ARM.Collect$$libinit$$00000002)
    .ARM.Collect$$libinit$$00000004          0x08000204   Section        0  libinit2.o(.ARM.Collect$$libinit$$00000004)
    .ARM.Collect$$libinit$$0000000A          0x08000204   Section        0  libinit2.o(.ARM.Collect$$libinit$$0000000A)
    .ARM.Collect$$libinit$$0000000C          0x08000204   Section        0  libinit2.o(.ARM.Collect$$libinit$$0000000C)
    .ARM.Collect$$libinit$$0000000E          0x08000204   Section        0  libinit2.o(.ARM.Collect$$libinit$$0000000E)
    .ARM.Collect$$libinit$$00000011          0x08000204   Section        0  libinit2.o(.ARM.Collect$$libinit$$00000011)
    .ARM.Collect$$libinit$$00000013          0x08000204   Section        0  libinit2.o(.ARM.Collect$$libinit$$00000013)
    .ARM.Collect$$libinit$$00000015          0x08000204   Section        0  libinit2.o(.ARM.Collect$$libinit$$00000015)
    .ARM.Collect$$libinit$$00000017          0x08000204   Section        0  libinit2.o(.ARM.Collect$$libinit$$00000017)
    .ARM.Collect$$libinit$$00000019          0x08000204   Section        0  libinit2.o(.ARM.Collect$$libinit$$00000019)
    .ARM.Collect$$libinit$$0000001B          0x08000204   Section        0  libinit2.o(.ARM.Collect$$libinit$$0000001B)
    .ARM.Collect$$libinit$$0000001D          0x08000204   Section        0  libinit2.o(.ARM.Collect$$libinit$$0000001D)
    .ARM.Collect$$libinit$$0000001F          0x08000204   Section        0  libinit2.o(.ARM.Collect$$libinit$$0000001F)
    .ARM.Collect$$libinit$$00000021          0x08000204   Section        0  libinit2.o(.ARM.Collect$$libinit$$00000021)
    .ARM.Collect$$libinit$$00000023          0x08000204   Section        0  libinit2.o(.ARM.Collect$$libinit$$00000023)
    .ARM.Collect$$libinit$$00000025          0x08000204   Section        0  libinit2.o(.ARM.Collect$$libinit$$00000025)
    .ARM.Collect$$libinit$$0000002C          0x08000204   Section        0  libinit2.o(.ARM.Collect$$libinit$$0000002C)
    .ARM.Collect$$libinit$$0000002E          0x08000204   Section        0  libinit2.o(.ARM.Collect$$libinit$$0000002E)
    .ARM.Collect$$libinit$$00000030          0x08000204   Section        0  libinit2.o(.ARM.Collect$$libinit$$00000030)
    .ARM.Collect$$libinit$$00000032          0x08000204   Section        0  libinit2.o(.ARM.Collect$$libinit$$00000032)
    .ARM.Collect$$libinit$$00000033          0x08000204   Section        2  libinit2.o(.ARM.Collect$$libinit$$00000033)
    .ARM.Collect$$libshutdown$$00000000      0x08000206   Section        2  libshutdown.o(.ARM.Collect$$libshutdown$$00000000)
    .ARM.Collect$$libshutdown$$00000002      0x08000208   Section        0  libshutdown2.o(.ARM.Collect$$libshutdown$$00000002)
    .ARM.Collect$$libshutdown$$00000004      0x08000208   Section        0  libshutdown2.o(.ARM.Collect$$libshutdown$$00000004)
    .ARM.Collect$$libshutdown$$00000007      0x08000208   Section        0  libshutdown2.o(.ARM.Collect$$libshutdown$$00000007)
    .ARM.Collect$$libshutdown$$0000000A      0x08000208   Section        0  libshutdown2.o(.ARM.Collect$$libshutdown$$0000000A)
    .ARM.Collect$$libshutdown$$0000000C      0x08000208   Section        0  libshutdown2.o(.ARM.Collect$$libshutdown$$0000000C)
    .ARM.Collect$$libshutdown$$0000000F      0x08000208   Section        0  libshutdown2.o(.ARM.Collect$$libshutdown$$0000000F)
    .ARM.Collect$$libshutdown$$00000010      0x08000208   Section        2  libshutdown2.o(.ARM.Collect$$libshutdown$$00000010)
    .ARM.Collect$$rtentry$$00000000          0x0800020a   Section        0  __rtentry.o(.ARM.Collect$$rtentry$$00000000)
    .ARM.Collect$$rtentry$$00000002          0x0800020a   Section        0  __rtentry2.o(.ARM.Collect$$rtentry$$00000002)
    .ARM.Collect$$rtentry$$00000004          0x0800020a   Section        6  __rtentry4.o(.ARM.Collect$$rtentry$$00000004)
    .ARM.Collect$$rtentry$$00000009          0x08000210   Section        0  __rtentry2.o(.ARM.Collect$$rtentry$$00000009)
    .ARM.Collect$$rtentry$$0000000A          0x08000210   Section        4  __rtentry2.o(.ARM.Collect$$rtentry$$0000000A)
    .ARM.Collect$$rtentry$$0000000C          0x08000214   Section        0  __rtentry2.o(.ARM.Collect$$rtentry$$0000000C)
    .ARM.Collect$$rtentry$$0000000D          0x08000214   Section        8  __rtentry2.o(.ARM.Collect$$rtentry$$0000000D)
    .ARM.Collect$$rtexit$$00000000           0x0800021c   Section        2  rtexit.o(.ARM.Collect$$rtexit$$00000000)
    .ARM.Collect$$rtexit$$00000002           0x0800021e   Section        0  rtexit2.o(.ARM.Collect$$rtexit$$00000002)
    .ARM.Collect$$rtexit$$00000003           0x0800021e   Section        4  rtexit2.o(.ARM.Collect$$rtexit$$00000003)
    .ARM.Collect$$rtexit$$00000004           0x08000222   Section        6  rtexit2.o(.ARM.Collect$$rtexit$$00000004)
    .text                                    0x08000228   Section       64  startup_stm32f10x_hd.o(.text)
    .text                                    0x08000268   Section        2  use_no_semi_2.o(.text)
    .text                                    0x0800026c   Section        0  __2printf.o(.text)
    .text                                    0x08000284   Section        0  _printf_str.o(.text)
    .text                                    0x080002d8   Section        0  _printf_dec.o(.text)
    .text                                    0x08000350   Section        0  _printf_hex_int_ll_ptr.o(.text)
    _printf_hex_common                       0x08000351   Thumb Code     0  _printf_hex_int_ll_ptr.o(.text)
    .text                                    0x080003e4   Section        0  __printf_flags_ss_wp.o(.text)
    .text                                    0x0800056c   Section        0  strstr.o(.text)
    .text                                    0x08000590   Section        0  strlen.o(.text)
    .text                                    0x080005ce   Section       68  rt_memclr.o(.text)
    .text                                    0x08000612   Section        0  heapauxi.o(.text)
    .text                                    0x08000618   Section        2  use_no_semi.o(.text)
    .text                                    0x0800061a   Section        0  _printf_intcommon.o(.text)
    .text                                    0x080006cc   Section        0  _printf_char_common.o(.text)
    _printf_input_char                       0x080006cd   Thumb Code    10  _printf_char_common.o(.text)
    .text                                    0x080006fc   Section        0  _printf_char.o(.text)
    .text                                    0x08000728   Section        0  _printf_char_file.o(.text)
    .text                                    0x0800074c   Section       78  rt_memclr_w.o(.text)
    .text                                    0x0800079a   Section        0  ferror.o(.text)
    .text                                    0x080007a2   Section       74  sys_stackheap_outer.o(.text)
    .text                                    0x080007ec   Section        0  exit.o(.text)
    .text                                    0x08000800   Section        8  libspace.o(.text)
    i.Add_FR                                 0x08000808   Section        0  as608.o(i.Add_FR)
    i.Beep_Init                              0x08000ca4   Section        0  beep.o(i.Beep_Init)
    i.Beep_off                               0x08000cdc   Section        0  beep.o(i.Beep_off)
    i.Beep_on                                0x08000cf0   Section        0  beep.o(i.Beep_on)
    i.BusFault_Handler                       0x08000d04   Section        0  stm32f10x_it.o(i.BusFault_Handler)
    i.DebugMon_Handler                       0x08000d08   Section        0  stm32f10x_it.o(i.DebugMon_Handler)
    i.EnsureMessage                          0x08000d0c   Section        0  as608.o(i.EnsureMessage)
    i.GPIO_Init                              0x08000f7c   Section        0  stm32f10x_gpio.o(i.GPIO_Init)
    i.GPIO_ReadInputDataBit                  0x08001092   Section        0  stm32f10x_gpio.o(i.GPIO_ReadInputDataBit)
    i.GPIO_ResetBits                         0x080010a4   Section        0  stm32f10x_gpio.o(i.GPIO_ResetBits)
    i.GPIO_SetBits                           0x080010a8   Section        0  stm32f10x_gpio.o(i.GPIO_SetBits)
    i.HardFault_Handler                      0x080010ac   Section        0  stm32f10x_it.o(i.HardFault_Handler)
    i.IIC_Start                              0x080010b0   Section        0  oled.o(i.IIC_Start)
    i.IIC_Stop                               0x080010dc   Section        0  oled.o(i.IIC_Stop)
    i.IIC_Wait_Ack                           0x08001100   Section        0  oled.o(i.IIC_Wait_Ack)
    i.JudgeStr                               0x0800111c   Section        0  as608.o(i.JudgeStr)
    JudgeStr                                 0x0800111d   Thumb Code   122  as608.o(i.JudgeStr)
    i.KEY_Init                               0x080011a4   Section        0  key.o(i.KEY_Init)
    i.KEY_Scan                               0x080011c8   Section        0  key.o(i.KEY_Scan)
    i.LED_Init                               0x08001288   Section        0  led.o(i.LED_Init)
    i.MYUSART_SendData                       0x080012c8   Section        0  as608.o(i.MYUSART_SendData)
    MYUSART_SendData                         0x080012c9   Thumb Code    22  as608.o(i.MYUSART_SendData)
    i.MemManage_Handler                      0x080012e4   Section        0  stm32f10x_it.o(i.MemManage_Handler)
    i.Mpr121_Init                            0x080012e8   Section        0  mpr121.o(i.Mpr121_Init)
    i.NMI_Handler                            0x08001340   Section        0  stm32f10x_it.o(i.NMI_Handler)
    i.NVIC_Init                              0x08001344   Section        0  misc.o(i.NVIC_Init)
    i.NVIC_PriorityGroupConfig               0x080013b4   Section        0  misc.o(i.NVIC_PriorityGroupConfig)
    i.OLED_Clear                             0x080013c8   Section        0  oled.o(i.OLED_Clear)
    i.OLED_Clear_Line                        0x08001408   Section        0  oled.o(i.OLED_Clear_Line)
    i.OLED_Clear_OP_Area                     0x08001434   Section        0  oled.o(i.OLED_Clear_OP_Area)
    i.OLED_Init                              0x0800144c   Section        0  oled.o(i.OLED_Init)
    i.OLED_Set_Pos                           0x08001564   Section        0  oled.o(i.OLED_Set_Pos)
    i.OLED_ShowCHinese                       0x0800158c   Section        0  oled.o(i.OLED_ShowCHinese)
    i.OLED_ShowChar                          0x080015f4   Section        0  oled.o(i.OLED_ShowChar)
    i.OLED_ShowNum                           0x08001698   Section        0  oled.o(i.OLED_ShowNum)
    i.OLED_ShowString                        0x08001720   Section        0  oled.o(i.OLED_ShowString)
    i.OLED_WR_Byte                           0x0800175a   Section        0  oled.o(i.OLED_WR_Byte)
    i.PS_GenChar                             0x08001772   Section        0  as608.o(i.PS_GenChar)
    i.PS_GetImage                            0x080017b8   Section        0  as608.o(i.PS_GetImage)
    i.PS_HandShake                           0x080017f4   Section        0  as608.o(i.PS_HandShake)
    i.PS_HighSpeedSearch                     0x08001874   Section        0  as608.o(i.PS_HighSpeedSearch)
    i.PS_Match                               0x08001904   Section        0  as608.o(i.PS_Match)
    i.PS_ReadSysPara                         0x08001940   Section        0  as608.o(i.PS_ReadSysPara)
    i.PS_RegModel                            0x08001a30   Section        0  as608.o(i.PS_RegModel)
    i.PS_StaGPIO_Init                        0x08001a6c   Section        0  as608.o(i.PS_StaGPIO_Init)
    i.PS_StoreChar                           0x08001a98   Section        0  as608.o(i.PS_StoreChar)
    i.PS_ValidTempleteNum                    0x08001af8   Section        0  as608.o(i.PS_ValidTempleteNum)
    i.PendSV_Handler                         0x08001b84   Section        0  stm32f10x_it.o(i.PendSV_Handler)
    i.RCC_APB1PeriphClockCmd                 0x08001b88   Section        0  stm32f10x_rcc.o(i.RCC_APB1PeriphClockCmd)
    i.RCC_APB1PeriphResetCmd                 0x08001ba8   Section        0  stm32f10x_rcc.o(i.RCC_APB1PeriphResetCmd)
    i.RCC_APB2PeriphClockCmd                 0x08001bc8   Section        0  stm32f10x_rcc.o(i.RCC_APB2PeriphClockCmd)
    i.RCC_APB2PeriphResetCmd                 0x08001be8   Section        0  stm32f10x_rcc.o(i.RCC_APB2PeriphResetCmd)
    i.RCC_GetClocksFreq                      0x08001c08   Section        0  stm32f10x_rcc.o(i.RCC_GetClocksFreq)
    i.Relay_Init                             0x08001cdc   Section        0  relay.o(i.Relay_Init)
    i.Relay_off                              0x08001d14   Section        0  relay.o(i.Relay_off)
    i.Relay_on                               0x08001d28   Section        0  relay.o(i.Relay_on)
    i.SVC_Handler                            0x08001d3c   Section        0  stm32f10x_it.o(i.SVC_Handler)
    i.SendAddr                               0x08001d40   Section        0  as608.o(i.SendAddr)
    SendAddr                                 0x08001d41   Thumb Code    46  as608.o(i.SendAddr)
    i.SendCheck                              0x08001d74   Section        0  as608.o(i.SendCheck)
    SendCheck                                0x08001d75   Thumb Code    18  as608.o(i.SendCheck)
    i.SendFlag                               0x08001d86   Section        0  as608.o(i.SendFlag)
    SendFlag                                 0x08001d87   Thumb Code    12  as608.o(i.SendFlag)
    i.SendHead                               0x08001d92   Section        0  as608.o(i.SendHead)
    SendHead                                 0x08001d93   Thumb Code    16  as608.o(i.SendHead)
    i.SendLength                             0x08001da2   Section        0  as608.o(i.SendLength)
    SendLength                               0x08001da3   Thumb Code    20  as608.o(i.SendLength)
    i.Sendcmd                                0x08001db6   Section        0  as608.o(i.Sendcmd)
    Sendcmd                                  0x08001db7   Thumb Code    12  as608.o(i.Sendcmd)
    i.SetSysClock                            0x08001dc2   Section        0  system_stm32f10x.o(i.SetSysClock)
    SetSysClock                              0x08001dc3   Thumb Code     8  system_stm32f10x.o(i.SetSysClock)
    i.SetSysClockTo72                        0x08001dcc   Section        0  system_stm32f10x.o(i.SetSysClockTo72)
    SetSysClockTo72                          0x08001dcd   Thumb Code   214  system_stm32f10x.o(i.SetSysClockTo72)
    i.SysTick_CLKSourceConfig                0x08001eac   Section        0  misc.o(i.SysTick_CLKSourceConfig)
    i.SysTick_Handler                        0x08001ed4   Section        0  stm32f10x_it.o(i.SysTick_Handler)
    i.Sys_Init                               0x08001ed8   Section        0  main.o(i.Sys_Init)
    i.SystemInit                             0x0800214c   Section        0  system_stm32f10x.o(i.SystemInit)
    i.TIM3_IRQHandler                        0x080021ac   Section        0  timer.o(i.TIM3_IRQHandler)
    i.TIM3_Int_Init                          0x080021e0   Section        0  timer.o(i.TIM3_Int_Init)
    i.TIM_ClearITPendingBit                  0x08002240   Section        0  stm32f10x_tim.o(i.TIM_ClearITPendingBit)
    i.TIM_Cmd                                0x08002246   Section        0  stm32f10x_tim.o(i.TIM_Cmd)
    i.TIM_GetITStatus                        0x0800225e   Section        0  stm32f10x_tim.o(i.TIM_GetITStatus)
    i.TIM_ITConfig                           0x08002280   Section        0  stm32f10x_tim.o(i.TIM_ITConfig)
    i.TIM_SetCounter                         0x08002292   Section        0  stm32f10x_tim.o(i.TIM_SetCounter)
    i.TIM_TimeBaseInit                       0x08002298   Section        0  stm32f10x_tim.o(i.TIM_TimeBaseInit)
    i.USART1_IRQHandler                      0x0800233c   Section        0  usart.o(i.USART1_IRQHandler)
    i.USART2_IRQHandler                      0x08002444   Section        0  usart2.o(i.USART2_IRQHandler)
    i.USART_Cmd                              0x080024b4   Section        0  stm32f10x_usart.o(i.USART_Cmd)
    i.USART_DeInit                           0x080024cc   Section        0  stm32f10x_usart.o(i.USART_DeInit)
    i.USART_GetITStatus                      0x08002568   Section        0  stm32f10x_usart.o(i.USART_GetITStatus)
    i.USART_ITConfig                         0x080025bc   Section        0  stm32f10x_usart.o(i.USART_ITConfig)
    i.USART_Init                             0x08002608   Section        0  stm32f10x_usart.o(i.USART_Init)
    i.USART_ReceiveData                      0x080026e0   Section        0  stm32f10x_usart.o(i.USART_ReceiveData)
    i.UsageFault_Handler                     0x080026ea   Section        0  stm32f10x_it.o(i.UsageFault_Handler)
    i.Write_IIC_Byte                         0x080026f0   Section        0  oled.o(i.Write_IIC_Byte)
    i.Write_IIC_Command                      0x0800274c   Section        0  oled.o(i.Write_IIC_Command)
    i.Write_IIC_Data                         0x08002778   Section        0  oled.o(i.Write_IIC_Data)
    i._is_digit                              0x080027a4   Section        0  __printf_wp.o(i._is_digit)
    i._sys_exit                              0x080027b2   Section        0  usart.o(i._sys_exit)
    i.delay_init                             0x080027b8   Section        0  delay.o(i.delay_init)
    i.delay_ms                               0x080027fc   Section        0  delay.o(i.delay_ms)
    i.fputc                                  0x08002848   Section        0  usart.o(i.fputc)
    i.main                                   0x08002864   Section        0  main.o(i.main)
    i.oled_pow                               0x0800295c   Section        0  oled.o(i.oled_pow)
    i.press_FR                               0x08002974   Section        0  as608.o(i.press_FR)
    i.uart_init                              0x08002bb4   Section        0  usart.o(i.uart_init)
    i.usart2_init                            0x08002c54   Section        0  usart2.o(i.usart2_init)
    .constdata                               0x08002d28   Section     2072  oled.o(.constdata)
    .constdata                               0x08003540   Section       40  _printf_hex_int_ll_ptr.o(.constdata)
    uc_hextab                                0x08003540   Data          20  _printf_hex_int_ll_ptr.o(.constdata)
    lc_hextab                                0x08003554   Data          20  _printf_hex_int_ll_ptr.o(.constdata)
    .constdata                               0x08003568   Section       17  __printf_flags_ss_wp.o(.constdata)
    maptable                                 0x08003568   Data          17  __printf_flags_ss_wp.o(.constdata)
    .data                                    0x20000000   Section        3  main.o(.data)
    .data                                    0x20000004   Section       20  system_stm32f10x.o(.data)
    .data                                    0x20000018   Section        4  as608.o(.data)
    .data                                    0x2000001c   Section        2  usart2.o(.data)
    .data                                    0x2000001e   Section     2560  oled.o(.data)
    .data                                    0x20000a1e   Section        1  key.o(.data)
    key_up                                   0x20000a1e   Data           1  key.o(.data)
    .data                                    0x20000a20   Section        4  delay.o(.data)
    fac_us                                   0x20000a20   Data           1  delay.o(.data)
    fac_ms                                   0x20000a22   Data           2  delay.o(.data)
    .data                                    0x20000a24   Section        6  usart.o(.data)
    .data                                    0x20000a2a   Section       20  stm32f10x_rcc.o(.data)
    APBAHBPrescTable                         0x20000a2a   Data          16  stm32f10x_rcc.o(.data)
    ADCPrescTable                            0x20000a3a   Data           4  stm32f10x_rcc.o(.data)
    .bss                                     0x20000a40   Section       12  main.o(.bss)
    .bss                                     0x20000a4c   Section      800  usart2.o(.bss)
    .bss                                     0x20000d6c   Section      200  usart.o(.bss)
    .bss                                     0x20000e34   Section       96  libspace.o(.bss)
    HEAP                                     0x20000e98   Section      512  startup_stm32f10x_hd.o(HEAP)
    Heap_Mem                                 0x20000e98   Data         512  startup_stm32f10x_hd.o(HEAP)
    STACK                                    0x20001098   Section     1024  startup_stm32f10x_hd.o(STACK)
    Stack_Mem                                0x20001098   Data        1024  startup_stm32f10x_hd.o(STACK)
    __initial_sp                             0x20001498   Data           0  startup_stm32f10x_hd.o(STACK)

    Global Symbols

    Symbol Name                              Value     Ov Type        Size  Object(Section)

    BuildAttributes$$THM_ISAv4$P$D$K$B$S$PE$A:L22UL41UL21$X:L11$S22US41US21$IEEE1$IW$USESV6$~STKCKD$USESV7$~SHL$OTIME$ROPI$IEEEJ$EBA8$UX$STANDARDLIB$REQ8$PRES8$EABIv2 0x00000000   Number         0  anon$$obj.o ABSOLUTE
    __ARM_use_no_argv                        0x00000000   Number         0  main.o ABSOLUTE
    _printf_flags                            0x00000000   Number         0  printf_stubs.o ABSOLUTE
    _printf_return_value                     0x00000000   Number         0  printf_stubs.o ABSOLUTE
    _printf_sizespec                         0x00000000   Number         0  printf_stubs.o ABSOLUTE
    _printf_widthprec                        0x00000000   Number         0  printf_stubs.o ABSOLUTE
    __ARM_exceptions_init                     - Undefined Weak Reference
    __alloca_initialize                       - Undefined Weak Reference
    __arm_preinit_                            - Undefined Weak Reference
    __cpp_initialize__aeabi_                  - Undefined Weak Reference
    __cxa_finalize                            - Undefined Weak Reference
    __sigvec_lookup                           - Undefined Weak Reference
    _atexit_init                              - Undefined Weak Reference
    _call_atexit_fns                          - Undefined Weak Reference
    _clock_init                               - Undefined Weak Reference
    _fp_trap_init                             - Undefined Weak Reference
    _fp_trap_shutdown                         - Undefined Weak Reference
    _get_lc_collate                           - Undefined Weak Reference
    _get_lc_monetary                          - Undefined Weak Reference
    _get_lc_time                              - Undefined Weak Reference
    _getenv_init                              - Undefined Weak Reference
    _handle_redirection                       - Undefined Weak Reference
    _init_alloc                               - Undefined Weak Reference
    _init_user_alloc                          - Undefined Weak Reference
    _initio                                   - Undefined Weak Reference
    _mutex_acquire                            - Undefined Weak Reference
    _mutex_release                            - Undefined Weak Reference
    _printf_mbtowc                            - Undefined Weak Reference
    _printf_wc                                - Undefined Weak Reference
    _rand_init                                - Undefined Weak Reference
    _signal_finish                            - Undefined Weak Reference
    _signal_init                              - Undefined Weak Reference
    _terminate_alloc                          - Undefined Weak Reference
    _terminate_user_alloc                     - Undefined Weak Reference
    _terminateio                              - Undefined Weak Reference
    __Vectors_Size                           0x00000130   Number         0  startup_stm32f10x_hd.o ABSOLUTE
    __Vectors                                0x08000000   Data           4  startup_stm32f10x_hd.o(RESET)
    __Vectors_End                            0x08000130   Data           0  startup_stm32f10x_hd.o(RESET)
    __main                                   0x08000131   Thumb Code     8  __main.o(!!!main)
    __scatterload                            0x08000139   Thumb Code     0  __scatter.o(!!!scatter)
    __scatterload_rt2                        0x08000139   Thumb Code    44  __scatter.o(!!!scatter)
    __scatterload_rt2_thumb_only             0x08000139   Thumb Code     0  __scatter.o(!!!scatter)
    __scatterload_null                       0x08000147   Thumb Code     0  __scatter.o(!!!scatter)
    __decompress                             0x0800016d   Thumb Code   100  __dclz77c.o(!!dclz77c)
    __decompress2                            0x0800016d   Thumb Code     0  __dclz77c.o(!!dclz77c)
    __scatterload_zeroinit                   0x080001d1   Thumb Code    28  __scatter_zi.o(!!handler_zi)
    _printf_d                                0x080001ed   Thumb Code     0  _printf_d.o(.ARM.Collect$$_printf_percent$$00000009)
    _printf_percent                          0x080001ed   Thumb Code     0  _printf_percent.o(.ARM.Collect$$_printf_percent$$00000000)
    _printf_x                                0x080001f3   Thumb Code     0  _printf_x.o(.ARM.Collect$$_printf_percent$$0000000C)
    _printf_s                                0x080001f9   Thumb Code     0  _printf_s.o(.ARM.Collect$$_printf_percent$$00000014)
    _printf_percent_end                      0x080001ff   Thumb Code     0  _printf_percent_end.o(.ARM.Collect$$_printf_percent$$00000017)
    __rt_lib_init                            0x08000203   Thumb Code     0  libinit.o(.ARM.Collect$$libinit$$00000000)
    __rt_lib_init_alloca_1                   0x08000205   Thumb Code     0  libinit2.o(.ARM.Collect$$libinit$$0000002E)
    __rt_lib_init_argv_1                     0x08000205   Thumb Code     0  libinit2.o(.ARM.Collect$$libinit$$0000002C)
    __rt_lib_init_atexit_1                   0x08000205   Thumb Code     0  libinit2.o(.ARM.Collect$$libinit$$0000001B)
    __rt_lib_init_clock_1                    0x08000205   Thumb Code     0  libinit2.o(.ARM.Collect$$libinit$$00000021)
    __rt_lib_init_cpp_1                      0x08000205   Thumb Code     0  libinit2.o(.ARM.Collect$$libinit$$00000032)
    __rt_lib_init_exceptions_1               0x08000205   Thumb Code     0  libinit2.o(.ARM.Collect$$libinit$$00000030)
    __rt_lib_init_fp_1                       0x08000205   Thumb Code     0  libinit2.o(.ARM.Collect$$libinit$$00000002)
    __rt_lib_init_fp_trap_1                  0x08000205   Thumb Code     0  libinit2.o(.ARM.Collect$$libinit$$0000001F)
    __rt_lib_init_getenv_1                   0x08000205   Thumb Code     0  libinit2.o(.ARM.Collect$$libinit$$00000023)
    __rt_lib_init_heap_1                     0x08000205   Thumb Code     0  libinit2.o(.ARM.Collect$$libinit$$0000000A)
    __rt_lib_init_lc_collate_1               0x08000205   Thumb Code     0  libinit2.o(.ARM.Collect$$libinit$$00000011)
    __rt_lib_init_lc_ctype_1                 0x08000205   Thumb Code     0  libinit2.o(.ARM.Collect$$libinit$$00000013)
    __rt_lib_init_lc_monetary_1              0x08000205   Thumb Code     0  libinit2.o(.ARM.Collect$$libinit$$00000015)
    __rt_lib_init_lc_numeric_1               0x08000205   Thumb Code     0  libinit2.o(.ARM.Collect$$libinit$$00000017)
    __rt_lib_init_lc_time_1                  0x08000205   Thumb Code     0  libinit2.o(.ARM.Collect$$libinit$$00000019)
    __rt_lib_init_preinit_1                  0x08000205   Thumb Code     0  libinit2.o(.ARM.Collect$$libinit$$00000004)
    __rt_lib_init_rand_1                     0x08000205   Thumb Code     0  libinit2.o(.ARM.Collect$$libinit$$0000000E)
    __rt_lib_init_return                     0x08000205   Thumb Code     0  libinit2.o(.ARM.Collect$$libinit$$00000033)
    __rt_lib_init_signal_1                   0x08000205   Thumb Code     0  libinit2.o(.ARM.Collect$$libinit$$0000001D)
    __rt_lib_init_stdio_1                    0x08000205   Thumb Code     0  libinit2.o(.ARM.Collect$$libinit$$00000025)
    __rt_lib_init_user_alloc_1               0x08000205   Thumb Code     0  libinit2.o(.ARM.Collect$$libinit$$0000000C)
    __rt_lib_shutdown                        0x08000207   Thumb Code     0  libshutdown.o(.ARM.Collect$$libshutdown$$00000000)
    __rt_lib_shutdown_cpp_1                  0x08000209   Thumb Code     0  libshutdown2.o(.ARM.Collect$$libshutdown$$00000002)
    __rt_lib_shutdown_fp_trap_1              0x08000209   Thumb Code     0  libshutdown2.o(.ARM.Collect$$libshutdown$$00000007)
    __rt_lib_shutdown_heap_1                 0x08000209   Thumb Code     0  libshutdown2.o(.ARM.Collect$$libshutdown$$0000000F)
    __rt_lib_shutdown_return                 0x08000209   Thumb Code     0  libshutdown2.o(.ARM.Collect$$libshutdown$$00000010)
    __rt_lib_shutdown_signal_1               0x08000209   Thumb Code     0  libshutdown2.o(.ARM.Collect$$libshutdown$$0000000A)
    __rt_lib_shutdown_stdio_1                0x08000209   Thumb Code     0  libshutdown2.o(.ARM.Collect$$libshutdown$$00000004)
    __rt_lib_shutdown_user_alloc_1           0x08000209   Thumb Code     0  libshutdown2.o(.ARM.Collect$$libshutdown$$0000000C)
    __rt_entry                               0x0800020b   Thumb Code     0  __rtentry.o(.ARM.Collect$$rtentry$$00000000)
    __rt_entry_presh_1                       0x0800020b   Thumb Code     0  __rtentry2.o(.ARM.Collect$$rtentry$$00000002)
    __rt_entry_sh                            0x0800020b   Thumb Code     0  __rtentry4.o(.ARM.Collect$$rtentry$$00000004)
    __rt_entry_li                            0x08000211   Thumb Code     0  __rtentry2.o(.ARM.Collect$$rtentry$$0000000A)
    __rt_entry_postsh_1                      0x08000211   Thumb Code     0  __rtentry2.o(.ARM.Collect$$rtentry$$00000009)
    __rt_entry_main                          0x08000215   Thumb Code     0  __rtentry2.o(.ARM.Collect$$rtentry$$0000000D)
    __rt_entry_postli_1                      0x08000215   Thumb Code     0  __rtentry2.o(.ARM.Collect$$rtentry$$0000000C)
    __rt_exit                                0x0800021d   Thumb Code     0  rtexit.o(.ARM.Collect$$rtexit$$00000000)
    __rt_exit_ls                             0x0800021f   Thumb Code     0  rtexit2.o(.ARM.Collect$$rtexit$$00000003)
    __rt_exit_prels_1                        0x0800021f   Thumb Code     0  rtexit2.o(.ARM.Collect$$rtexit$$00000002)
    __rt_exit_exit                           0x08000223   Thumb Code     0  rtexit2.o(.ARM.Collect$$rtexit$$00000004)
    Reset_Handler                            0x08000229   Thumb Code     8  startup_stm32f10x_hd.o(.text)
    ADC1_2_IRQHandler                        0x08000243   Thumb Code     0  startup_stm32f10x_hd.o(.text)
    ADC3_IRQHandler                          0x08000243   Thumb Code     0  startup_stm32f10x_hd.o(.text)
    CAN1_RX1_IRQHandler                      0x08000243   Thumb Code     0  startup_stm32f10x_hd.o(.text)
    CAN1_SCE_IRQHandler                      0x08000243   Thumb Code     0  startup_stm32f10x_hd.o(.text)
    DMA1_Channel1_IRQHandler                 0x08000243   Thumb Code     0  startup_stm32f10x_hd.o(.text)
    DMA1_Channel2_IRQHandler                 0x08000243   Thumb Code     0  startup_stm32f10x_hd.o(.text)
    DMA1_Channel3_IRQHandler                 0x08000243   Thumb Code     0  startup_stm32f10x_hd.o(.text)
    DMA1_Channel4_IRQHandler                 0x08000243   Thumb Code     0  startup_stm32f10x_hd.o(.text)
    DMA1_Channel5_IRQHandler                 0x08000243   Thumb Code     0  startup_stm32f10x_hd.o(.text)
    DMA1_Channel6_IRQHandler                 0x08000243   Thumb Code     0  startup_stm32f10x_hd.o(.text)
    DMA1_Channel7_IRQHandler                 0x08000243   Thumb Code     0  startup_stm32f10x_hd.o(.text)
    DMA2_Channel1_IRQHandler                 0x08000243   Thumb Code     0  startup_stm32f10x_hd.o(.text)
    DMA2_Channel2_IRQHandler                 0x08000243   Thumb Code     0  startup_stm32f10x_hd.o(.text)
    DMA2_Channel3_IRQHandler                 0x08000243   Thumb Code     0  startup_stm32f10x_hd.o(.text)
    DMA2_Channel4_5_IRQHandler               0x08000243   Thumb Code     0  startup_stm32f10x_hd.o(.text)
    EXTI0_IRQHandler                         0x08000243   Thumb Code     0  startup_stm32f10x_hd.o(.text)
    EXTI15_10_IRQHandler                     0x08000243   Thumb Code     0  startup_stm32f10x_hd.o(.text)
    EXTI1_IRQHandler                         0x08000243   Thumb Code     0  startup_stm32f10x_hd.o(.text)
    EXTI2_IRQHandler                         0x08000243   Thumb Code     0  startup_stm32f10x_hd.o(.text)
    EXTI3_IRQHandler                         0x08000243   Thumb Code     0  startup_stm32f10x_hd.o(.text)
    EXTI4_IRQHandler                         0x08000243   Thumb Code     0  startup_stm32f10x_hd.o(.text)
    EXTI9_5_IRQHandler                       0x08000243   Thumb Code     0  startup_stm32f10x_hd.o(.text)
    FLASH_IRQHandler                         0x08000243   Thumb Code     0  startup_stm32f10x_hd.o(.text)
    FSMC_IRQHandler                          0x08000243   Thumb Code     0  startup_stm32f10x_hd.o(.text)
    I2C1_ER_IRQHandler                       0x08000243   Thumb Code     0  startup_stm32f10x_hd.o(.text)
    I2C1_EV_IRQHandler                       0x08000243   Thumb Code     0  startup_stm32f10x_hd.o(.text)
    I2C2_ER_IRQHandler                       0x08000243   Thumb Code     0  startup_stm32f10x_hd.o(.text)
    I2C2_EV_IRQHandler                       0x08000243   Thumb Code     0  startup_stm32f10x_hd.o(.text)
    PVD_IRQHandler                           0x08000243   Thumb Code     0  startup_stm32f10x_hd.o(.text)
    RCC_IRQHandler                           0x08000243   Thumb Code     0  startup_stm32f10x_hd.o(.text)
    RTCAlarm_IRQHandler                      0x08000243   Thumb Code     0  startup_stm32f10x_hd.o(.text)
    RTC_IRQHandler                           0x08000243   Thumb Code     0  startup_stm32f10x_hd.o(.text)
    SDIO_IRQHandler                          0x08000243   Thumb Code     0  startup_stm32f10x_hd.o(.text)
    SPI1_IRQHandler                          0x08000243   Thumb Code     0  startup_stm32f10x_hd.o(.text)
    SPI2_IRQHandler                          0x08000243   Thumb Code     0  startup_stm32f10x_hd.o(.text)
    SPI3_IRQHandler                          0x08000243   Thumb Code     0  startup_stm32f10x_hd.o(.text)
    TAMPER_IRQHandler                        0x08000243   Thumb Code     0  startup_stm32f10x_hd.o(.text)
    TIM1_BRK_IRQHandler                      0x08000243   Thumb Code     0  startup_stm32f10x_hd.o(.text)
    TIM1_CC_IRQHandler                       0x08000243   Thumb Code     0  startup_stm32f10x_hd.o(.text)
    TIM1_TRG_COM_IRQHandler                  0x08000243   Thumb Code     0  startup_stm32f10x_hd.o(.text)
    TIM1_UP_IRQHandler                       0x08000243   Thumb Code     0  startup_stm32f10x_hd.o(.text)
    TIM2_IRQHandler                          0x08000243   Thumb Code     0  startup_stm32f10x_hd.o(.text)
    TIM4_IRQHandler                          0x08000243   Thumb Code     0  startup_stm32f10x_hd.o(.text)
    TIM5_IRQHandler                          0x08000243   Thumb Code     0  startup_stm32f10x_hd.o(.text)
    TIM6_IRQHandler                          0x08000243   Thumb Code     0  startup_stm32f10x_hd.o(.text)
    TIM7_IRQHandler                          0x08000243   Thumb Code     0  startup_stm32f10x_hd.o(.text)
    TIM8_BRK_IRQHandler                      0x08000243   Thumb Code     0  startup_stm32f10x_hd.o(.text)
    TIM8_CC_IRQHandler                       0x08000243   Thumb Code     0  startup_stm32f10x_hd.o(.text)
    TIM8_TRG_COM_IRQHandler                  0x08000243   Thumb Code     0  startup_stm32f10x_hd.o(.text)
    TIM8_UP_IRQHandler                       0x08000243   Thumb Code     0  startup_stm32f10x_hd.o(.text)
    UART4_IRQHandler                         0x08000243   Thumb Code     0  startup_stm32f10x_hd.o(.text)
    UART5_IRQHandler                         0x08000243   Thumb Code     0  startup_stm32f10x_hd.o(.text)
    USART3_IRQHandler                        0x08000243   Thumb Code     0  startup_stm32f10x_hd.o(.text)
    USBWakeUp_IRQHandler                     0x08000243   Thumb Code     0  startup_stm32f10x_hd.o(.text)
    USB_HP_CAN1_TX_IRQHandler                0x08000243   Thumb Code     0  startup_stm32f10x_hd.o(.text)
    USB_LP_CAN1_RX0_IRQHandler               0x08000243   Thumb Code     0  startup_stm32f10x_hd.o(.text)
    WWDG_IRQHandler                          0x08000243   Thumb Code     0  startup_stm32f10x_hd.o(.text)
    __user_initial_stackheap                 0x08000245   Thumb Code     0  startup_stm32f10x_hd.o(.text)
    __use_no_semihosting                     0x08000269   Thumb Code     2  use_no_semi_2.o(.text)
    __2printf                                0x0800026d   Thumb Code    20  __2printf.o(.text)
    _printf_str                              0x08000285   Thumb Code    82  _printf_str.o(.text)
    _printf_int_dec                          0x080002d9   Thumb Code   104  _printf_dec.o(.text)
    _printf_longlong_hex                     0x08000351   Thumb Code    86  _printf_hex_int_ll_ptr.o(.text)
    _printf_int_hex                          0x080003a7   Thumb Code    28  _printf_hex_int_ll_ptr.o(.text)
    _printf_ll_hex                           0x080003c3   Thumb Code    12  _printf_hex_int_ll_ptr.o(.text)
    _printf_hex_ptr                          0x080003cf   Thumb Code    18  _printf_hex_int_ll_ptr.o(.text)
    __printf                                 0x080003e5   Thumb Code   388  __printf_flags_ss_wp.o(.text)
    strstr                                   0x0800056d   Thumb Code    36  strstr.o(.text)
    strlen                                   0x08000591   Thumb Code    62  strlen.o(.text)
    __aeabi_memclr                           0x080005cf   Thumb Code     0  rt_memclr.o(.text)
    __rt_memclr                              0x080005cf   Thumb Code    68  rt_memclr.o(.text)
    _memset                                  0x080005d3   Thumb Code     0  rt_memclr.o(.text)
    __use_two_region_memory                  0x08000613   Thumb Code     2  heapauxi.o(.text)
    __rt_heap_escrow$2region                 0x08000615   Thumb Code     2  heapauxi.o(.text)
    __rt_heap_expand$2region                 0x08000617   Thumb Code     2  heapauxi.o(.text)
    __I$use$semihosting                      0x08000619   Thumb Code     0  use_no_semi.o(.text)
    __use_no_semihosting_swi                 0x08000619   Thumb Code     2  use_no_semi.o(.text)
    _printf_int_common                       0x0800061b   Thumb Code   178  _printf_intcommon.o(.text)
    _printf_char_common                      0x080006d7   Thumb Code    32  _printf_char_common.o(.text)
    _printf_cs_common                        0x080006fd   Thumb Code    20  _printf_char.o(.text)
    _printf_char                             0x08000711   Thumb Code    16  _printf_char.o(.text)
    _printf_string                           0x08000721   Thumb Code     8  _printf_char.o(.text)
    _printf_char_file                        0x08000729   Thumb Code    32  _printf_char_file.o(.text)
    __aeabi_memclr4                          0x0800074d   Thumb Code     0  rt_memclr_w.o(.text)
    __aeabi_memclr8                          0x0800074d   Thumb Code     0  rt_memclr_w.o(.text)
    __rt_memclr_w                            0x0800074d   Thumb Code    78  rt_memclr_w.o(.text)
    _memset_w                                0x08000751   Thumb Code     0  rt_memclr_w.o(.text)
    ferror                                   0x0800079b   Thumb Code     8  ferror.o(.text)
    __user_setup_stackheap                   0x080007a3   Thumb Code    74  sys_stackheap_outer.o(.text)
    exit                                     0x080007ed   Thumb Code    18  exit.o(.text)
    __user_libspace                          0x08000801   Thumb Code     8  libspace.o(.text)
    __user_perproc_libspace                  0x08000801   Thumb Code     0  libspace.o(.text)
    __user_perthread_libspace                0x08000801   Thumb Code     0  libspace.o(.text)
    Add_FR                                   0x08000809   Thumb Code   972  as608.o(i.Add_FR)
    Beep_Init                                0x08000ca5   Thumb Code    50  beep.o(i.Beep_Init)
    Beep_off                                 0x08000cdd   Thumb Code    14  beep.o(i.Beep_off)
    Beep_on                                  0x08000cf1   Thumb Code    14  beep.o(i.Beep_on)
    BusFault_Handler                         0x08000d05   Thumb Code     4  stm32f10x_it.o(i.BusFault_Handler)
    DebugMon_Handler                         0x08000d09   Thumb Code     2  stm32f10x_it.o(i.DebugMon_Handler)
    EnsureMessage                            0x08000d0d   Thumb Code   140  as608.o(i.EnsureMessage)
    GPIO_Init                                0x08000f7d   Thumb Code   278  stm32f10x_gpio.o(i.GPIO_Init)
    GPIO_ReadInputDataBit                    0x08001093   Thumb Code    18  stm32f10x_gpio.o(i.GPIO_ReadInputDataBit)
    GPIO_ResetBits                           0x080010a5   Thumb Code     4  stm32f10x_gpio.o(i.GPIO_ResetBits)
    GPIO_SetBits                             0x080010a9   Thumb Code     4  stm32f10x_gpio.o(i.GPIO_SetBits)
    HardFault_Handler                        0x080010ad   Thumb Code     4  stm32f10x_it.o(i.HardFault_Handler)
    IIC_Start                                0x080010b1   Thumb Code    40  oled.o(i.IIC_Start)
    IIC_Stop                                 0x080010dd   Thumb Code    30  oled.o(i.IIC_Stop)
    IIC_Wait_Ack                             0x08001101   Thumb Code    24  oled.o(i.IIC_Wait_Ack)
    KEY_Init                                 0x080011a5   Thumb Code    32  key.o(i.KEY_Init)
    KEY_Scan                                 0x080011c9   Thumb Code   184  key.o(i.KEY_Scan)
    LED_Init                                 0x08001289   Thumb Code    60  led.o(i.LED_Init)
    MemManage_Handler                        0x080012e5   Thumb Code     4  stm32f10x_it.o(i.MemManage_Handler)
    Mpr121_Init                              0x080012e9   Thumb Code    80  mpr121.o(i.Mpr121_Init)
    NMI_Handler                              0x08001341   Thumb Code     2  stm32f10x_it.o(i.NMI_Handler)
    NVIC_Init                                0x08001345   Thumb Code   100  misc.o(i.NVIC_Init)
    NVIC_PriorityGroupConfig                 0x080013b5   Thumb Code    10  misc.o(i.NVIC_PriorityGroupConfig)
    OLED_Clear                               0x080013c9   Thumb Code    62  oled.o(i.OLED_Clear)
    OLED_Clear_Line                          0x08001409   Thumb Code    22  oled.o(i.OLED_Clear_Line)
    OLED_Clear_OP_Area                       0x08001435   Thumb Code    22  oled.o(i.OLED_Clear_OP_Area)
    OLED_Init                                0x0800144d   Thumb Code   274  oled.o(i.OLED_Init)
    OLED_Set_Pos                             0x08001565   Thumb Code    40  oled.o(i.OLED_Set_Pos)
    OLED_ShowCHinese                         0x0800158d   Thumb Code    98  oled.o(i.OLED_ShowCHinese)
    OLED_ShowChar                            0x080015f5   Thumb Code   154  oled.o(i.OLED_ShowChar)
    OLED_ShowNum                             0x08001699   Thumb Code   136  oled.o(i.OLED_ShowNum)
    OLED_ShowString                          0x08001721   Thumb Code    58  oled.o(i.OLED_ShowString)
    OLED_WR_Byte                             0x0800175b   Thumb Code    24  oled.o(i.OLED_WR_Byte)
    PS_GenChar                               0x08001773   Thumb Code    70  as608.o(i.PS_GenChar)
    PS_GetImage                              0x080017b9   Thumb Code    58  as608.o(i.PS_GetImage)
    PS_HandShake                             0x080017f5   Thumb Code   118  as608.o(i.PS_HandShake)
    PS_HighSpeedSearch                       0x08001875   Thumb Code   144  as608.o(i.PS_HighSpeedSearch)
    PS_Match                                 0x08001905   Thumb Code    58  as608.o(i.PS_Match)
    PS_ReadSysPara                           0x08001941   Thumb Code   168  as608.o(i.PS_ReadSysPara)
    PS_RegModel                              0x08001a31   Thumb Code    58  as608.o(i.PS_RegModel)
    PS_StaGPIO_Init                          0x08001a6d   Thumb Code    38  as608.o(i.PS_StaGPIO_Init)
    PS_StoreChar                             0x08001a99   Thumb Code    96  as608.o(i.PS_StoreChar)
    PS_ValidTempleteNum                      0x08001af9   Thumb Code   108  as608.o(i.PS_ValidTempleteNum)
    PendSV_Handler                           0x08001b85   Thumb Code     2  stm32f10x_it.o(i.PendSV_Handler)
    RCC_APB1PeriphClockCmd                   0x08001b89   Thumb Code    26  stm32f10x_rcc.o(i.RCC_APB1PeriphClockCmd)
    RCC_APB1PeriphResetCmd                   0x08001ba9   Thumb Code    26  stm32f10x_rcc.o(i.RCC_APB1PeriphResetCmd)
    RCC_APB2PeriphClockCmd                   0x08001bc9   Thumb Code    26  stm32f10x_rcc.o(i.RCC_APB2PeriphClockCmd)
    RCC_APB2PeriphResetCmd                   0x08001be9   Thumb Code    26  stm32f10x_rcc.o(i.RCC_APB2PeriphResetCmd)
    RCC_GetClocksFreq                        0x08001c09   Thumb Code   192  stm32f10x_rcc.o(i.RCC_GetClocksFreq)
    Relay_Init                               0x08001cdd   Thumb Code    50  relay.o(i.Relay_Init)
    Relay_off                                0x08001d15   Thumb Code    14  relay.o(i.Relay_off)
    Relay_on                                 0x08001d29   Thumb Code    14  relay.o(i.Relay_on)
    SVC_Handler                              0x08001d3d   Thumb Code     2  stm32f10x_it.o(i.SVC_Handler)
    SysTick_CLKSourceConfig                  0x08001ead   Thumb Code    40  misc.o(i.SysTick_CLKSourceConfig)
    SysTick_Handler                          0x08001ed5   Thumb Code     2  stm32f10x_it.o(i.SysTick_Handler)
    Sys_Init                                 0x08001ed9   Thumb Code   380  main.o(i.Sys_Init)
    SystemInit                               0x0800214d   Thumb Code    78  system_stm32f10x.o(i.SystemInit)
    TIM3_IRQHandler                          0x080021ad   Thumb Code    42  timer.o(i.TIM3_IRQHandler)
    TIM3_Int_Init                            0x080021e1   Thumb Code    90  timer.o(i.TIM3_Int_Init)
    TIM_ClearITPendingBit                    0x08002241   Thumb Code     6  stm32f10x_tim.o(i.TIM_ClearITPendingBit)
    TIM_Cmd                                  0x08002247   Thumb Code    24  stm32f10x_tim.o(i.TIM_Cmd)
    TIM_GetITStatus                          0x0800225f   Thumb Code    34  stm32f10x_tim.o(i.TIM_GetITStatus)
    TIM_ITConfig                             0x08002281   Thumb Code    18  stm32f10x_tim.o(i.TIM_ITConfig)
    TIM_SetCounter                           0x08002293   Thumb Code     4  stm32f10x_tim.o(i.TIM_SetCounter)
    TIM_TimeBaseInit                         0x08002299   Thumb Code   122  stm32f10x_tim.o(i.TIM_TimeBaseInit)
    USART1_IRQHandler                        0x0800233d   Thumb Code   236  usart.o(i.USART1_IRQHandler)
    USART2_IRQHandler                        0x08002445   Thumb Code    94  usart2.o(i.USART2_IRQHandler)
    USART_Cmd                                0x080024b5   Thumb Code    24  stm32f10x_usart.o(i.USART_Cmd)
    USART_DeInit                             0x080024cd   Thumb Code   134  stm32f10x_usart.o(i.USART_DeInit)
    USART_GetITStatus                        0x08002569   Thumb Code    84  stm32f10x_usart.o(i.USART_GetITStatus)
    USART_ITConfig                           0x080025bd   Thumb Code    74  stm32f10x_usart.o(i.USART_ITConfig)
    USART_Init                               0x08002609   Thumb Code   210  stm32f10x_usart.o(i.USART_Init)
    USART_ReceiveData                        0x080026e1   Thumb Code    10  stm32f10x_usart.o(i.USART_ReceiveData)
    UsageFault_Handler                       0x080026eb   Thumb Code     4  stm32f10x_it.o(i.UsageFault_Handler)
    Write_IIC_Byte                           0x080026f1   Thumb Code    86  oled.o(i.Write_IIC_Byte)
    Write_IIC_Command                        0x0800274d   Thumb Code    44  oled.o(i.Write_IIC_Command)
    Write_IIC_Data                           0x08002779   Thumb Code    44  oled.o(i.Write_IIC_Data)
    _is_digit                                0x080027a5   Thumb Code    14  __printf_wp.o(i._is_digit)
    _sys_exit                                0x080027b3   Thumb Code     4  usart.o(i._sys_exit)
    delay_init                               0x080027b9   Thumb Code    50  delay.o(i.delay_init)
    delay_ms                                 0x080027fd   Thumb Code    72  delay.o(i.delay_ms)
    fputc                                    0x08002849   Thumb Code    24  usart.o(i.fputc)
    main                                     0x08002865   Thumb Code   234  main.o(i.main)
    oled_pow                                 0x0800295d   Thumb Code    22  oled.o(i.oled_pow)
    press_FR                                 0x08002975   Thumb Code   568  as608.o(i.press_FR)
    uart_init                                0x08002bb5   Thumb Code   152  usart.o(i.uart_init)
    usart2_init                              0x08002c55   Thumb Code   192  usart2.o(i.usart2_init)
    F6x8                                     0x08002d28   Data         552  oled.o(.constdata)
    F8X16                                    0x08002f50   Data        1520  oled.o(.constdata)
    Region$$Table$$Base                      0x0800357c   Number         0  anon$$obj.o(Region$$Table)
    Region$$Table$$Limit                     0x0800359c   Number         0  anon$$obj.o(Region$$Table)
    ValidN                                   0x20000000   Data           2  main.o(.data)
    ensure                                   0x20000002   Data           1  main.o(.data)
    SystemCoreClock                          0x20000004   Data           4  system_stm32f10x.o(.data)
    AHBPrescTable                            0x20000008   Data          16  system_stm32f10x.o(.data)
    AS608Addr                                0x20000018   Data           4  as608.o(.data)
    USART2_RX_STA                            0x2000001c   Data           2  usart2.o(.data)
    Hzk                                      0x2000001e   Data        2560  oled.o(.data)
    __stdout                                 0x20000a24   Data           4  usart.o(.data)
    USART_RX_STA                             0x20000a28   Data           2  usart.o(.data)
    AS608Para                                0x20000a40   Data          12  main.o(.bss)
    USART2_RX_BUF                            0x20000a4c   Data         400  usart2.o(.bss)
    USART2_TX_BUF                            0x20000bdc   Data         400  usart2.o(.bss)
    USART_RX_BUF                             0x20000d6c   Data         200  usart.o(.bss)
    __libspace_start                         0x20000e34   Data          96  libspace.o(.bss)
    __temporary_stack_top$libspace           0x20000e94   Data           0  libspace.o(.bss)



==============================================================================

Memory Map of the image

  Image Entry point : 0x08000131

  Load Region LR_IROM1 (Base: 0x08000000, Size: 0x00003fdc, Max: 0x00010000, ABSOLUTE, COMPRESSED[0x000039e8])

    Execution Region ER_IROM1 (Exec base: 0x08000000, Load base: 0x08000000, Size: 0x0000359c, Max: 0x00010000, ABSOLUTE)

    Exec Addr    Load Addr    Size         Type   Attr      Idx    E Section Name        Object

    0x08000000   0x08000000   0x00000130   Data   RO          938    RESET               startup_stm32f10x_hd.o
    0x08000130   0x08000130   0x00000008   Code   RO         3979  * !!!main             c_w.l(__main.o)
    0x08000138   0x08000138   0x00000034   Code   RO         4257    !!!scatter          c_w.l(__scatter.o)
    0x0800016c   0x0800016c   0x00000064   Code   RO         4255    !!dclz77c           c_w.l(__dclz77c.o)
    0x080001d0   0x080001d0   0x0000001c   Code   RO         4259    !!handler_zi        c_w.l(__scatter_zi.o)
    0x080001ec   0x080001ec   0x00000000   Code   RO         3970    .ARM.Collect$$_printf_percent$$00000000  c_w.l(_printf_percent.o)
    0x080001ec   0x080001ec   0x00000006   Code   RO         3969    .ARM.Collect$$_printf_percent$$00000009  c_w.l(_printf_d.o)
    0x080001f2   0x080001f2   0x00000006   Code   RO         3968    .ARM.Collect$$_printf_percent$$0000000C  c_w.l(_printf_x.o)
    0x080001f8   0x080001f8   0x00000006   Code   RO         3967    .ARM.Collect$$_printf_percent$$00000014  c_w.l(_printf_s.o)
    0x080001fe   0x080001fe   0x00000004   Code   RO         4021    .ARM.Collect$$_printf_percent$$00000017  c_w.l(_printf_percent_end.o)
    0x08000202   0x08000202   0x00000002   Code   RO         4119    .ARM.Collect$$libinit$$00000000  c_w.l(libinit.o)
    0x08000204   0x08000204   0x00000000   Code   RO         4136    .ARM.Collect$$libinit$$00000002  c_w.l(libinit2.o)
    0x08000204   0x08000204   0x00000000   Code   RO         4138    .ARM.Collect$$libinit$$00000004  c_w.l(libinit2.o)
    0x08000204   0x08000204   0x00000000   Code   RO         4141    .ARM.Collect$$libinit$$0000000A  c_w.l(libinit2.o)
    0x08000204   0x08000204   0x00000000   Code   RO         4143    .ARM.Collect$$libinit$$0000000C  c_w.l(libinit2.o)
    0x08000204   0x08000204   0x00000000   Code   RO         4145    .ARM.Collect$$libinit$$0000000E  c_w.l(libinit2.o)
    0x08000204   0x08000204   0x00000000   Code   RO         4148    .ARM.Collect$$libinit$$00000011  c_w.l(libinit2.o)
    0x08000204   0x08000204   0x00000000   Code   RO         4150    .ARM.Collect$$libinit$$00000013  c_w.l(libinit2.o)
    0x08000204   0x08000204   0x00000000   Code   RO         4152    .ARM.Collect$$libinit$$00000015  c_w.l(libinit2.o)
    0x08000204   0x08000204   0x00000000   Code   RO         4154    .ARM.Collect$$libinit$$00000017  c_w.l(libinit2.o)
    0x08000204   0x08000204   0x00000000   Code   RO         4156    .ARM.Collect$$libinit$$00000019  c_w.l(libinit2.o)
    0x08000204   0x08000204   0x00000000   Code   RO         4158    .ARM.Collect$$libinit$$0000001B  c_w.l(libinit2.o)
    0x08000204   0x08000204   0x00000000   Code   RO         4160    .ARM.Collect$$libinit$$0000001D  c_w.l(libinit2.o)
    0x08000204   0x08000204   0x00000000   Code   RO         4162    .ARM.Collect$$libinit$$0000001F  c_w.l(libinit2.o)
    0x08000204   0x08000204   0x00000000   Code   RO         4164    .ARM.Collect$$libinit$$00000021  c_w.l(libinit2.o)
    0x08000204   0x08000204   0x00000000   Code   RO         4166    .ARM.Collect$$libinit$$00000023  c_w.l(libinit2.o)
    0x08000204   0x08000204   0x00000000   Code   RO         4168    .ARM.Collect$$libinit$$00000025  c_w.l(libinit2.o)
    0x08000204   0x08000204   0x00000000   Code   RO         4172    .ARM.Collect$$libinit$$0000002C  c_w.l(libinit2.o)
    0x08000204   0x08000204   0x00000000   Code   RO         4174    .ARM.Collect$$libinit$$0000002E  c_w.l(libinit2.o)
    0x08000204   0x08000204   0x00000000   Code   RO         4176    .ARM.Collect$$libinit$$00000030  c_w.l(libinit2.o)
    0x08000204   0x08000204   0x00000000   Code   RO         4178    .ARM.Collect$$libinit$$00000032  c_w.l(libinit2.o)
    0x08000204   0x08000204   0x00000002   Code   RO         4179    .ARM.Collect$$libinit$$00000033  c_w.l(libinit2.o)
    0x08000206   0x08000206   0x00000002   Code   RO         4197    .ARM.Collect$$libshutdown$$00000000  c_w.l(libshutdown.o)
    0x08000208   0x08000208   0x00000000   Code   RO         4207    .ARM.Collect$$libshutdown$$00000002  c_w.l(libshutdown2.o)
    0x08000208   0x08000208   0x00000000   Code   RO         4209    .ARM.Collect$$libshutdown$$00000004  c_w.l(libshutdown2.o)
    0x08000208   0x08000208   0x00000000   Code   RO         4212    .ARM.Collect$$libshutdown$$00000007  c_w.l(libshutdown2.o)
    0x08000208   0x08000208   0x00000000   Code   RO         4215    .ARM.Collect$$libshutdown$$0000000A  c_w.l(libshutdown2.o)
    0x08000208   0x08000208   0x00000000   Code   RO         4217    .ARM.Collect$$libshutdown$$0000000C  c_w.l(libshutdown2.o)
    0x08000208   0x08000208   0x00000000   Code   RO         4220    .ARM.Collect$$libshutdown$$0000000F  c_w.l(libshutdown2.o)
    0x08000208   0x08000208   0x00000002   Code   RO         4221    .ARM.Collect$$libshutdown$$00000010  c_w.l(libshutdown2.o)
    0x0800020a   0x0800020a   0x00000000   Code   RO         3983    .ARM.Collect$$rtentry$$00000000  c_w.l(__rtentry.o)
    0x0800020a   0x0800020a   0x00000000   Code   RO         4042    .ARM.Collect$$rtentry$$00000002  c_w.l(__rtentry2.o)
    0x0800020a   0x0800020a   0x00000006   Code   RO         4054    .ARM.Collect$$rtentry$$00000004  c_w.l(__rtentry4.o)
    0x08000210   0x08000210   0x00000000   Code   RO         4044    .ARM.Collect$$rtentry$$00000009  c_w.l(__rtentry2.o)
    0x08000210   0x08000210   0x00000004   Code   RO         4045    .ARM.Collect$$rtentry$$0000000A  c_w.l(__rtentry2.o)
    0x08000214   0x08000214   0x00000000   Code   RO         4047    .ARM.Collect$$rtentry$$0000000C  c_w.l(__rtentry2.o)
    0x08000214   0x08000214   0x00000008   Code   RO         4048    .ARM.Collect$$rtentry$$0000000D  c_w.l(__rtentry2.o)
    0x0800021c   0x0800021c   0x00000002   Code   RO         4128    .ARM.Collect$$rtexit$$00000000  c_w.l(rtexit.o)
    0x0800021e   0x0800021e   0x00000000   Code   RO         4181    .ARM.Collect$$rtexit$$00000002  c_w.l(rtexit2.o)
    0x0800021e   0x0800021e   0x00000004   Code   RO         4182    .ARM.Collect$$rtexit$$00000003  c_w.l(rtexit2.o)
    0x08000222   0x08000222   0x00000006   Code   RO         4183    .ARM.Collect$$rtexit$$00000004  c_w.l(rtexit2.o)
    0x08000228   0x08000228   0x00000040   Code   RO          939    .text               startup_stm32f10x_hd.o
    0x08000268   0x08000268   0x00000002   Code   RO         3912    .text               c_w.l(use_no_semi_2.o)
    0x0800026a   0x0800026a   0x00000002   PAD
    0x0800026c   0x0800026c   0x00000018   Code   RO         3916    .text               c_w.l(__2printf.o)
    0x08000284   0x08000284   0x00000052   Code   RO         3922    .text               c_w.l(_printf_str.o)
    0x080002d6   0x080002d6   0x00000002   PAD
    0x080002d8   0x080002d8   0x00000078   Code   RO         3924    .text               c_w.l(_printf_dec.o)
    0x08000350   0x08000350   0x00000094   Code   RO         3944    .text               c_w.l(_printf_hex_int_ll_ptr.o)
    0x080003e4   0x080003e4   0x00000188   Code   RO         3964    .text               c_w.l(__printf_flags_ss_wp.o)
    0x0800056c   0x0800056c   0x00000024   Code   RO         3971    .text               c_w.l(strstr.o)
    0x08000590   0x08000590   0x0000003e   Code   RO         3973    .text               c_w.l(strlen.o)
    0x080005ce   0x080005ce   0x00000044   Code   RO         3975    .text               c_w.l(rt_memclr.o)
    0x08000612   0x08000612   0x00000006   Code   RO         3977    .text               c_w.l(heapauxi.o)
    0x08000618   0x08000618   0x00000002   Code   RO         3981    .text               c_w.l(use_no_semi.o)
    0x0800061a   0x0800061a   0x000000b2   Code   RO         3988    .text               c_w.l(_printf_intcommon.o)
    0x080006cc   0x080006cc   0x00000030   Code   RO         3992    .text               c_w.l(_printf_char_common.o)
    0x080006fc   0x080006fc   0x0000002c   Code   RO         3996    .text               c_w.l(_printf_char.o)
    0x08000728   0x08000728   0x00000024   Code   RO         3998    .text               c_w.l(_printf_char_file.o)
    0x0800074c   0x0800074c   0x0000004e   Code   RO         4031    .text               c_w.l(rt_memclr_w.o)
    0x0800079a   0x0800079a   0x00000008   Code   RO         4067    .text               c_w.l(ferror.o)
    0x080007a2   0x080007a2   0x0000004a   Code   RO         4073    .text               c_w.l(sys_stackheap_outer.o)
    0x080007ec   0x080007ec   0x00000012   Code   RO         4112    .text               c_w.l(exit.o)
    0x080007fe   0x080007fe   0x00000002   PAD
    0x08000800   0x08000800   0x00000008   Code   RO         4125    .text               c_w.l(libspace.o)
    0x08000808   0x08000808   0x0000049c   Code   RO          307    i.Add_FR            as608.o
    0x08000ca4   0x08000ca4   0x00000038   Code   RO          757    i.Beep_Init         beep.o
    0x08000cdc   0x08000cdc   0x00000014   Code   RO          758    i.Beep_off          beep.o
    0x08000cf0   0x08000cf0   0x00000014   Code   RO          759    i.Beep_on           beep.o
    0x08000d04   0x08000d04   0x00000004   Code   RO          164    i.BusFault_Handler  stm32f10x_it.o
    0x08000d08   0x08000d08   0x00000002   Code   RO          165    i.DebugMon_Handler  stm32f10x_it.o
    0x08000d0a   0x08000d0a   0x00000002   PAD
    0x08000d0c   0x08000d0c   0x00000270   Code   RO          309    i.EnsureMessage     as608.o
    0x08000f7c   0x08000f7c   0x00000116   Code   RO         2094    i.GPIO_Init         stm32f10x_gpio.o
    0x08001092   0x08001092   0x00000012   Code   RO         2098    i.GPIO_ReadInputDataBit  stm32f10x_gpio.o
    0x080010a4   0x080010a4   0x00000004   Code   RO         2101    i.GPIO_ResetBits    stm32f10x_gpio.o
    0x080010a8   0x080010a8   0x00000004   Code   RO         2102    i.GPIO_SetBits      stm32f10x_gpio.o
    0x080010ac   0x080010ac   0x00000004   Code   RO          166    i.HardFault_Handler  stm32f10x_it.o
    0x080010b0   0x080010b0   0x0000002c   Code   RO          564    i.IIC_Start         oled.o
    0x080010dc   0x080010dc   0x00000024   Code   RO          565    i.IIC_Stop          oled.o
    0x08001100   0x08001100   0x0000001c   Code   RO          566    i.IIC_Wait_Ack      oled.o
    0x0800111c   0x0800111c   0x00000088   Code   RO          310    i.JudgeStr          as608.o
    0x080011a4   0x080011a4   0x00000024   Code   RO          785    i.KEY_Init          key.o
    0x080011c8   0x080011c8   0x000000c0   Code   RO          786    i.KEY_Scan          key.o
    0x08001288   0x08001288   0x00000040   Code   RO          287    i.LED_Init          led.o
    0x080012c8   0x080012c8   0x0000001c   Code   RO          311    i.MYUSART_SendData  as608.o
    0x080012e4   0x080012e4   0x00000004   Code   RO          167    i.MemManage_Handler  stm32f10x_it.o
    0x080012e8   0x080012e8   0x00000058   Code   RO          808    i.Mpr121_Init       mpr121.o
    0x08001340   0x08001340   0x00000002   Code   RO          168    i.NMI_Handler       stm32f10x_it.o
    0x08001342   0x08001342   0x00000002   PAD
    0x08001344   0x08001344   0x00000070   Code   RO          943    i.NVIC_Init         misc.o
    0x080013b4   0x080013b4   0x00000014   Code   RO          944    i.NVIC_PriorityGroupConfig  misc.o
    0x080013c8   0x080013c8   0x0000003e   Code   RO          567    i.OLED_Clear        oled.o
    0x08001406   0x08001406   0x00000002   PAD
    0x08001408   0x08001408   0x0000002c   Code   RO          568    i.OLED_Clear_Line   oled.o
    0x08001434   0x08001434   0x00000016   Code   RO          569    i.OLED_Clear_OP_Area  oled.o
    0x0800144a   0x0800144a   0x00000002   PAD
    0x0800144c   0x0800144c   0x00000118   Code   RO          573    i.OLED_Init         oled.o
    0x08001564   0x08001564   0x00000028   Code   RO          575    i.OLED_Set_Pos      oled.o
    0x0800158c   0x0800158c   0x00000068   Code   RO          576    i.OLED_ShowCHinese  oled.o
    0x080015f4   0x080015f4   0x000000a4   Code   RO          577    i.OLED_ShowChar     oled.o
    0x08001698   0x08001698   0x00000088   Code   RO          578    i.OLED_ShowNum      oled.o
    0x08001720   0x08001720   0x0000003a   Code   RO          579    i.OLED_ShowString   oled.o
    0x0800175a   0x0800175a   0x00000018   Code   RO          580    i.OLED_WR_Byte      oled.o
    0x08001772   0x08001772   0x00000046   Code   RO          314    i.PS_GenChar        as608.o
    0x080017b8   0x080017b8   0x0000003a   Code   RO          315    i.PS_GetImage       as608.o
    0x080017f2   0x080017f2   0x00000002   PAD
    0x080017f4   0x080017f4   0x00000080   Code   RO          316    i.PS_HandShake      as608.o
    0x08001874   0x08001874   0x00000090   Code   RO          317    i.PS_HighSpeedSearch  as608.o
    0x08001904   0x08001904   0x0000003a   Code   RO          318    i.PS_Match          as608.o
    0x0800193e   0x0800193e   0x00000002   PAD
    0x08001940   0x08001940   0x000000f0   Code   RO          320    i.PS_ReadSysPara    as608.o
    0x08001a30   0x08001a30   0x0000003a   Code   RO          321    i.PS_RegModel       as608.o
    0x08001a6a   0x08001a6a   0x00000002   PAD
    0x08001a6c   0x08001a6c   0x0000002c   Code   RO          324    i.PS_StaGPIO_Init   as608.o
    0x08001a98   0x08001a98   0x00000060   Code   RO          325    i.PS_StoreChar      as608.o
    0x08001af8   0x08001af8   0x0000008c   Code   RO          326    i.PS_ValidTempleteNum  as608.o
    0x08001b84   0x08001b84   0x00000002   Code   RO          169    i.PendSV_Handler    stm32f10x_it.o
    0x08001b86   0x08001b86   0x00000002   PAD
    0x08001b88   0x08001b88   0x00000020   Code   RO         2510    i.RCC_APB1PeriphClockCmd  stm32f10x_rcc.o
    0x08001ba8   0x08001ba8   0x00000020   Code   RO         2511    i.RCC_APB1PeriphResetCmd  stm32f10x_rcc.o
    0x08001bc8   0x08001bc8   0x00000020   Code   RO         2512    i.RCC_APB2PeriphClockCmd  stm32f10x_rcc.o
    0x08001be8   0x08001be8   0x00000020   Code   RO         2513    i.RCC_APB2PeriphResetCmd  stm32f10x_rcc.o
    0x08001c08   0x08001c08   0x000000d4   Code   RO         2520    i.RCC_GetClocksFreq  stm32f10x_rcc.o
    0x08001cdc   0x08001cdc   0x00000038   Code   RO          729    i.Relay_Init        relay.o
    0x08001d14   0x08001d14   0x00000014   Code   RO          730    i.Relay_off         relay.o
    0x08001d28   0x08001d28   0x00000014   Code   RO          731    i.Relay_on          relay.o
    0x08001d3c   0x08001d3c   0x00000002   Code   RO          170    i.SVC_Handler       stm32f10x_it.o
    0x08001d3e   0x08001d3e   0x00000002   PAD
    0x08001d40   0x08001d40   0x00000034   Code   RO          329    i.SendAddr          as608.o
    0x08001d74   0x08001d74   0x00000012   Code   RO          330    i.SendCheck         as608.o
    0x08001d86   0x08001d86   0x0000000c   Code   RO          331    i.SendFlag          as608.o
    0x08001d92   0x08001d92   0x00000010   Code   RO          332    i.SendHead          as608.o
    0x08001da2   0x08001da2   0x00000014   Code   RO          333    i.SendLength        as608.o
    0x08001db6   0x08001db6   0x0000000c   Code   RO          334    i.Sendcmd           as608.o
    0x08001dc2   0x08001dc2   0x00000008   Code   RO          253    i.SetSysClock       system_stm32f10x.o
    0x08001dca   0x08001dca   0x00000002   PAD
    0x08001dcc   0x08001dcc   0x000000e0   Code   RO          254    i.SetSysClockTo72   system_stm32f10x.o
    0x08001eac   0x08001eac   0x00000028   Code   RO          947    i.SysTick_CLKSourceConfig  misc.o
    0x08001ed4   0x08001ed4   0x00000002   Code   RO          171    i.SysTick_Handler   stm32f10x_it.o
    0x08001ed6   0x08001ed6   0x00000002   PAD
    0x08001ed8   0x08001ed8   0x00000274   Code   RO            1    i.Sys_Init          main.o
    0x0800214c   0x0800214c   0x00000060   Code   RO          256    i.SystemInit        system_stm32f10x.o
    0x080021ac   0x080021ac   0x00000034   Code   RO          540    i.TIM3_IRQHandler   timer.o
    0x080021e0   0x080021e0   0x00000060   Code   RO          541    i.TIM3_Int_Init     timer.o
    0x08002240   0x08002240   0x00000006   Code   RO         3139    i.TIM_ClearITPendingBit  stm32f10x_tim.o
    0x08002246   0x08002246   0x00000018   Code   RO         3144    i.TIM_Cmd           stm32f10x_tim.o
    0x0800225e   0x0800225e   0x00000022   Code   RO         3165    i.TIM_GetITStatus   stm32f10x_tim.o
    0x08002280   0x08002280   0x00000012   Code   RO         3169    i.TIM_ITConfig      stm32f10x_tim.o
    0x08002292   0x08002292   0x00000004   Code   RO         3209    i.TIM_SetCounter    stm32f10x_tim.o
    0x08002296   0x08002296   0x00000002   PAD
    0x08002298   0x08002298   0x000000a4   Code   RO         3215    i.TIM_TimeBaseInit  stm32f10x_tim.o
    0x0800233c   0x0800233c   0x00000108   Code   RO          885    i.USART1_IRQHandler  usart.o
    0x08002444   0x08002444   0x00000070   Code   RO          499    i.USART2_IRQHandler  usart2.o
    0x080024b4   0x080024b4   0x00000018   Code   RO         3680    i.USART_Cmd         stm32f10x_usart.o
    0x080024cc   0x080024cc   0x0000009c   Code   RO         3682    i.USART_DeInit      stm32f10x_usart.o
    0x08002568   0x08002568   0x00000054   Code   RO         3684    i.USART_GetITStatus  stm32f10x_usart.o
    0x080025bc   0x080025bc   0x0000004a   Code   RO         3686    i.USART_ITConfig    stm32f10x_usart.o
    0x08002606   0x08002606   0x00000002   PAD
    0x08002608   0x08002608   0x000000d8   Code   RO         3687    i.USART_Init        stm32f10x_usart.o
    0x080026e0   0x080026e0   0x0000000a   Code   RO         3694    i.USART_ReceiveData  stm32f10x_usart.o
    0x080026ea   0x080026ea   0x00000004   Code   RO          172    i.UsageFault_Handler  stm32f10x_it.o
    0x080026ee   0x080026ee   0x00000002   PAD
    0x080026f0   0x080026f0   0x0000005c   Code   RO          581    i.Write_IIC_Byte    oled.o
    0x0800274c   0x0800274c   0x0000002c   Code   RO          582    i.Write_IIC_Command  oled.o
    0x08002778   0x08002778   0x0000002c   Code   RO          583    i.Write_IIC_Data    oled.o
    0x080027a4   0x080027a4   0x0000000e   Code   RO         3957    i._is_digit         c_w.l(__printf_wp.o)
    0x080027b2   0x080027b2   0x00000004   Code   RO          886    i._sys_exit         usart.o
    0x080027b6   0x080027b6   0x00000002   PAD
    0x080027b8   0x080027b8   0x00000044   Code   RO          830    i.delay_init        delay.o
    0x080027fc   0x080027fc   0x0000004c   Code   RO          831    i.delay_ms          delay.o
    0x08002848   0x08002848   0x0000001c   Code   RO          887    i.fputc             usart.o
    0x08002864   0x08002864   0x000000f8   Code   RO            2    i.main              main.o
    0x0800295c   0x0800295c   0x00000016   Code   RO          585    i.oled_pow          oled.o
    0x08002972   0x08002972   0x00000002   PAD
    0x08002974   0x08002974   0x00000240   Code   RO          335    i.press_FR          as608.o
    0x08002bb4   0x08002bb4   0x000000a0   Code   RO          888    i.uart_init         usart.o
    0x08002c54   0x08002c54   0x000000d4   Code   RO          501    i.usart2_init       usart2.o
    0x08002d28   0x08002d28   0x00000818   Data   RO          586    .constdata          oled.o
    0x08003540   0x08003540   0x00000028   Data   RO         3945    .constdata          c_w.l(_printf_hex_int_ll_ptr.o)
    0x08003568   0x08003568   0x00000011   Data   RO         3965    .constdata          c_w.l(__printf_flags_ss_wp.o)
    0x08003579   0x08003579   0x00000003   PAD
    0x0800357c   0x0800357c   0x00000020   Data   RO         4253    Region$$Table       anon$$obj.o


    Execution Region RW_IRAM1 (Exec base: 0x20000000, Load base: 0x0800359c, Size: 0x00001498, Max: 0x00005000, ABSOLUTE, COMPRESSED[0x0000044c])

    Exec Addr    Load Addr    Size         Type   Attr      Idx    E Section Name        Object

    0x20000000   COMPRESSED   0x00000003   Data   RW            4    .data               main.o
    0x20000003   COMPRESSED   0x00000001   PAD
    0x20000004   COMPRESSED   0x00000014   Data   RW          257    .data               system_stm32f10x.o
    0x20000018   COMPRESSED   0x00000004   Data   RW          336    .data               as608.o
    0x2000001c   COMPRESSED   0x00000002   Data   RW          503    .data               usart2.o
    0x2000001e   COMPRESSED   0x00000a00   Data   RW          587    .data               oled.o
    0x20000a1e   COMPRESSED   0x00000001   Data   RW          787    .data               key.o
    0x20000a1f   COMPRESSED   0x00000001   PAD
    0x20000a20   COMPRESSED   0x00000004   Data   RW          833    .data               delay.o
    0x20000a24   COMPRESSED   0x00000006   Data   RW          890    .data               usart.o
    0x20000a2a   COMPRESSED   0x00000014   Data   RW         2540    .data               stm32f10x_rcc.o
    0x20000a3e   COMPRESSED   0x00000002   PAD
    0x20000a40        -       0x0000000c   Zero   RW            3    .bss                main.o
    0x20000a4c        -       0x00000320   Zero   RW          502    .bss                usart2.o
    0x20000d6c        -       0x000000c8   Zero   RW          889    .bss                usart.o
    0x20000e34        -       0x00000060   Zero   RW         4126    .bss                c_w.l(libspace.o)
    0x20000e94   COMPRESSED   0x00000004   PAD
    0x20000e98        -       0x00000200   Zero   RW          937    HEAP                startup_stm32f10x_hd.o
    0x20001098        -       0x00000400   Zero   RW          936    STACK               startup_stm32f10x_hd.o


==============================================================================

Image component sizes


      Code (inc. data)   RO Data    RW Data    ZI Data      Debug   Object Name

      3710        886          0          4          0      13988   as608.o
        96         18          0          0          0       1349   beep.o
       144         22          0          4          0       1172   delay.o
       228         12          0          1          0       1142   key.o
        64          4          0          0          0        483   led.o
       876        262          0          3         12     253352   main.o
       172         22          0          0          0       2141   misc.o
        88          8          0          0          0        538   mpr121.o
      1244         64       2072       2560          0      11038   oled.o
        96         18          0          0          0       1372   relay.o
        64         26        304          0       1536        784   startup_stm32f10x_hd.o
       304          0          0          0          0       3740   stm32f10x_gpio.o
        26          0          0          0          0       3622   stm32f10x_it.o
       340         44          0         20          0       5636   stm32f10x_rcc.o
       250         42          0          0          0       4143   stm32f10x_tim.o
       564         28          0          0          0       5673   stm32f10x_usart.o
         0          0          0          0          0         32   sys.o
       328         28          0         20          0       2161   system_stm32f10x.o
       148         16          0          0          0       1118   timer.o
       456         40          0          6        200       4320   usart.o
       324         38          0          2        800       2786   usart2.o

    ----------------------------------------------------------------------
      9554       1578       2408       2624       2548     320590   Object Totals
         0          0         32          0          0          0   (incl. Generated)
        32          0          0          4          0          0   (incl. Padding)

    ----------------------------------------------------------------------

      Code (inc. data)   RO Data    RW Data    ZI Data      Debug   Library Member Name

        24          4          0          0          0         84   __2printf.o
       100          0          0          0          0          0   __dclz77c.o
         8          0          0          0          0         68   __main.o
       392          4         17          0          0         92   __printf_flags_ss_wp.o
        14          0          0          0          0         68   __printf_wp.o
         0          0          0          0          0          0   __rtentry.o
        12          0          0          0          0          0   __rtentry2.o
         6          0          0          0          0          0   __rtentry4.o
        52          8          0          0          0          0   __scatter.o
        28          0          0          0          0          0   __scatter_zi.o
        44          0          0          0          0        108   _printf_char.o
        48          6          0          0          0         96   _printf_char_common.o
        36          4          0          0          0         80   _printf_char_file.o
         6          0          0          0          0          0   _printf_d.o
       120         16          0          0          0         92   _printf_dec.o
       148          4         40          0          0        160   _printf_hex_int_ll_ptr.o
       178          0          0          0          0         88   _printf_intcommon.o
         0          0          0          0          0          0   _printf_percent.o
         4          0          0          0          0          0   _printf_percent_end.o
         6          0          0          0          0          0   _printf_s.o
        82          0          0          0          0         80   _printf_str.o
         6          0          0          0          0          0   _printf_x.o
        18          0          0          0          0         80   exit.o
         8          0          0          0          0         68   ferror.o
         6          0          0          0          0        152   heapauxi.o
         2          0          0          0          0          0   libinit.o
         2          0          0          0          0          0   libinit2.o
         2          0          0          0          0          0   libshutdown.o
         2          0          0          0          0          0   libshutdown2.o
         8          4          0          0         96         68   libspace.o
        68          0          0          0          0         68   rt_memclr.o
        78          0          0          0          0         80   rt_memclr_w.o
         2          0          0          0          0          0   rtexit.o
        10          0          0          0          0          0   rtexit2.o
        62          0          0          0          0         76   strlen.o
        36          0          0          0          0         80   strstr.o
        74          0          0          0          0         80   sys_stackheap_outer.o
         2          0          0          0          0         68   use_no_semi.o
         2          0          0          0          0         68   use_no_semi_2.o

    ----------------------------------------------------------------------
      1702         50         60          0        100       1904   Library Totals
         6          0          3          0          4          0   (incl. Padding)

    ----------------------------------------------------------------------

      Code (inc. data)   RO Data    RW Data    ZI Data      Debug   Library Name

      1696         50         57          0         96       1904   c_w.l

    ----------------------------------------------------------------------
      1702         50         60          0        100       1904   Library Totals

    ----------------------------------------------------------------------

==============================================================================


      Code (inc. data)   RO Data    RW Data    ZI Data      Debug   

     11256       1628       2468       2624       2648     316822   Grand Totals
     11256       1628       2468       1100       2648     316822   ELF Image Totals (compressed)
     11256       1628       2468       1100          0          0   ROM Totals

==============================================================================

    Total RO  Size (Code + RO Data)                13724 (  13.40kB)
    Total RW  Size (RW Data + ZI Data)              5272 (   5.15kB)
    Total ROM Size (Code + RO Data + RW Data)      14824 (  14.48kB)

==============================================================================

